Generating output in /Users/isa/Developer/sph/runs/P2S_wakeseg/main_output
----------------------------------------------------------------------
No of particles:
  fluid: 68121
  solid: 2108
  Total: 70229
----------------------------------------------------------------------
Setup took: 0.06862 secs
--------------------------------------------------
Tempo: 0.00s | Iteração: 0
Velocidade Máx: 0.4292 | Contraste CS: 828.2406
c_n: mean=0.9990 max=1.0000 | massa: 197.51
sigma_a braços (n=67): min=1.000 mean=1.000 frac<0.85=0.00% | c/ filler: mean=1.000
vazio areal: >0.7dx=2.55% >1.0dx=0.00% >1.5dx=0.00%
motor na biomassa: a_mar med=1.530 p95=2.10 | biomassa=0.2543 bracos=0.1886 | pinadas=43
clump(<0.5dx)=0.0% nn_mediana=0.919dx
Acelerações: Marangoni 2.24 | Drag 0.00 | Flagelo 2.99 | Pressão EOS máx 4.58e-08 med 2.89e-08 | Total 5.17
wake inserção t=2.3s: 152 inseridas
--------------------------------------------------
Tempo: 4.51s | Iteração: 200
Velocidade Máx: 0.3638 | Contraste CS: 82.3205
c_n: mean=0.9985 max=1.0000 | massa: 197.96
sigma_a braços (n=69): min=0.561 mean=0.947 frac<0.85=33.33% | c/ filler: mean=0.955
vazio areal: >0.7dx=24.41% >1.0dx=14.91% >1.5dx=8.66%
motor na biomassa: a_mar med=0.241 p95=4.13 | biomassa=0.2793 bracos=0.1240 | pinadas=43
clump(<0.5dx)=19.7% nn_mediana=0.771dx
Acelerações: Marangoni 7.19 | Drag 22.94 | Flagelo 2.99 | Pressão EOS máx 1.51e-01 med 4.46e-03 | Total 24.77
inserção t=4.5s: 19 partículas inseridas
wake inserção t=4.5s: 124 inseridas
wake inserção t=6.6s: 58 inseridas
--------------------------------------------------
Tempo: 8.70s | Iteração: 400
Velocidade Máx: 0.0839 | Contraste CS: 54.0928
c_n: mean=0.9974 max=1.0000 | massa: 198.55
sigma_a braços (n=69): min=0.556 mean=0.981 frac<0.85=14.49% | c/ filler: mean=0.969
vazio areal: >0.7dx=7.61% >1.0dx=1.12% >1.5dx=0.00%
motor na biomassa: a_mar med=0.219 p95=3.21 | biomassa=0.2421 bracos=0.0545 | pinadas=43
clump(<0.5dx)=14.8% nn_mediana=0.773dx
Acelerações: Marangoni 4.90 | Drag 6.62 | Flagelo 2.99 | Pressão EOS máx 5.79e-02 med 1.80e-03 | Total 1.48
inserção t=8.7s: 5 partículas inseridas
wake inserção t=8.7s: 38 inseridas
wake inserção t=10.9s: 43 inseridas
--------------------------------------------------
Tempo: 13.04s | Iteração: 600
Velocidade Máx: 0.0880 | Contraste CS: 39.0202
c_n: mean=0.9967 max=1.0000 | massa: 198.81
sigma_a braços (n=70): min=0.637 mean=1.009 frac<0.85=8.57% | c/ filler: mean=0.970
vazio areal: >0.7dx=8.00% >1.0dx=1.15% >1.5dx=0.04%
motor na biomassa: a_mar med=0.170 p95=2.91 | biomassa=0.2603 bracos=0.0518 | pinadas=43
clump(<0.5dx)=17.2% nn_mediana=0.751dx
Acelerações: Marangoni 6.61 | Drag 9.27 | Flagelo 3.00 | Pressão EOS máx 6.87e-02 med 1.56e-03 | Total 5.25
inserção t=13.0s: 19 partículas inseridas
wake inserção t=13.0s: 32 inseridas
wake inserção t=15.2s: 55 inseridas
--------------------------------------------------
Tempo: 16.75s | Iteração: 800
Velocidade Máx: 0.0824 | Contraste CS: 31.3641
c_n: mean=0.9959 max=1.0000 | massa: 199.14
sigma_a braços (n=73): min=0.743 mean=1.007 frac<0.85=6.85% | c/ filler: mean=0.963
vazio areal: >0.7dx=8.00% >1.0dx=0.80% >1.5dx=0.00%
motor na biomassa: a_mar med=0.225 p95=3.04 | biomassa=0.2800 bracos=0.0516 | pinadas=43
clump(<0.5dx)=19.3% nn_mediana=0.744dx
Acelerações: Marangoni 5.13 | Drag 6.45 | Flagelo 3.00 | Pressão EOS máx 5.65e-02 med 1.59e-03 | Total 1.10
inserção t=16.7s: 19 partículas inseridas
wake inserção t=16.7s: 26 inseridas
wake inserção t=18.9s: 85 inseridas
--------------------------------------------------
Tempo: 20.31s | Iteração: 1000
Velocidade Máx: 0.0842 | Contraste CS: 26.0786
c_n: mean=0.9950 max=1.0000 | massa: 199.55
sigma_a braços (n=84): min=0.740 mean=1.006 frac<0.85=7.14% | c/ filler: mean=0.956
vazio areal: >0.7dx=8.47% >1.0dx=0.99% >1.5dx=0.01%
motor na biomassa: a_mar med=0.247 p95=3.27 | biomassa=0.3100 bracos=0.0593 | pinadas=43
clump(<0.5dx)=27.1% nn_mediana=0.711dx
Acelerações: Marangoni 6.56 | Drag 6.80 | Flagelo 2.99 | Pressão EOS máx 6.12e-02 med 1.59e-03 | Total 2.70
inserção t=20.3s: 33 partículas inseridas
wake inserção t=20.3s: 49 inseridas
wake inserção t=22.3s: 119 inseridas
--------------------------------------------------
Tempo: 24.39s | Iteração: 1200
Velocidade Máx: 0.1156 | Contraste CS: 21.5505
c_n: mean=0.9936 max=1.0000 | massa: 200.19
sigma_a braços (n=130): min=0.681 mean=0.995 frac<0.85=10.77% | c/ filler: mean=0.955
vazio areal: >0.7dx=9.01% >1.0dx=1.25% >1.5dx=0.06%
motor na biomassa: a_mar med=0.222 p95=3.12 | biomassa=0.3535 bracos=0.0838 | pinadas=43
clump(<0.5dx)=31.2% nn_mediana=0.655dx
Acelerações: Marangoni 10.20 | Drag 10.10 | Flagelo 3.00 | Pressão EOS máx 9.04e-02 med 1.69e-03 | Total 1.54
inserção t=24.4s: 56 partículas inseridas
wake inserção t=24.4s: 106 inseridas
wake inserção t=26.0s: 79 inseridas
--------------------------------------------------
Tempo: 27.89s | Iteração: 1400
Velocidade Máx: 0.1065 | Contraste CS: 18.5999
c_n: mean=0.9919 max=1.0000 | massa: 200.95
sigma_a braços (n=189): min=0.697 mean=0.981 frac<0.85=11.11% | c/ filler: mean=0.950
vazio areal: >0.7dx=8.48% >1.0dx=1.08% >1.5dx=0.00%
motor na biomassa: a_mar med=0.210 p95=3.36 | biomassa=0.3995 bracos=0.1131 | pinadas=43
clump(<0.5dx)=34.1% nn_mediana=0.632dx
Acelerações: Marangoni 7.31 | Drag 8.59 | Flagelo 3.00 | Pressão EOS máx 1.14e-01 med 1.70e-03 | Total 3.50
inserção t=27.9s: 68 partículas inseridas
wake inserção t=27.9s: 121 inseridas
wake inserção t=29.6s: 139 inseridas
--------------------------------------------------
Tempo: 31.56s | Iteração: 1600
Velocidade Máx: 0.3418 | Contraste CS: 16.1631
c_n: mean=0.9897 max=1.0000 | massa: 201.98
sigma_a braços (n=296): min=0.678 mean=0.981 frac<0.85=6.42% | c/ filler: mean=0.950
vazio areal: >0.7dx=7.42% >1.0dx=0.84% >1.5dx=0.00%
motor na biomassa: a_mar med=0.195 p95=2.49 | biomassa=0.4486 bracos=0.1449 | pinadas=43
clump(<0.5dx)=36.9% nn_mediana=0.615dx
Acelerações: Marangoni 8.49 | Drag 28.65 | Flagelo 2.99 | Pressão EOS máx 1.14e-01 med 1.59e-03 | Total 31.57
inserção t=31.6s: 53 partículas inseridas
wake inserção t=31.6s: 135 inseridas
wake inserção t=33.4s: 135 inseridas
--------------------------------------------------
Tempo: 35.05s | Iteração: 1800
Velocidade Máx: 0.1501 | Contraste CS: 14.1948
c_n: mean=0.9874 max=1.0000 | massa: 203.01
sigma_a braços (n=398): min=0.649 mean=0.982 frac<0.85=7.54% | c/ filler: mean=0.951
vazio areal: >0.7dx=6.93% >1.0dx=0.75% >1.5dx=0.00%
motor na biomassa: a_mar med=0.158 p95=2.50 | biomassa=0.5177 bracos=0.1800 | pinadas=44
clump(<0.5dx)=37.0% nn_mediana=0.630dx
Acelerações: Marangoni 13.78 | Drag 13.32 | Flagelo 3.00 | Pressão EOS máx 1.28e-01 med 1.63e-03 | Total 3.27
inserção t=35.0s: 66 partículas inseridas
wake inserção t=35.0s: 131 inseridas
wake inserção t=36.8s: 135 inseridas
--------------------------------------------------
Tempo: 38.40s | Iteração: 2000
Velocidade Máx: 0.1465 | Contraste CS: 12.7049
c_n: mean=0.9850 max=1.0000 | massa: 204.07
sigma_a braços (n=539): min=0.600 mean=0.978 frac<0.85=7.24% | c/ filler: mean=0.952
vazio areal: >0.7dx=6.86% >1.0dx=0.95% >1.5dx=0.01%
motor na biomassa: a_mar med=0.157 p95=2.25 | biomassa=0.5917 bracos=0.2270 | pinadas=44
clump(<0.5dx)=35.5% nn_mediana=0.641dx
Acelerações: Marangoni 13.43 | Drag 12.92 | Flagelo 2.99 | Pressão EOS máx 1.80e-01 med 1.67e-03 | Total 3.98
inserção t=38.4s: 88 partículas inseridas
wake inserção t=38.4s: 143 inseridas
wake inserção t=39.6s: 132 inseridas
--------------------------------------------------
Tempo: 41.31s | Iteração: 2200
Velocidade Máx: 0.1145 | Contraste CS: 11.7167
c_n: mean=0.9825 max=1.0000 | massa: 205.21
sigma_a braços (n=644): min=0.598 mean=0.984 frac<0.85=4.81% | c/ filler: mean=0.956
vazio areal: >0.7dx=6.44% >1.0dx=0.84% >1.5dx=0.01%
motor na biomassa: a_mar med=0.144 p95=2.14 | biomassa=0.6501 bracos=0.2539 | pinadas=44
clump(<0.5dx)=36.7% nn_mediana=0.635dx
Acelerações: Marangoni 9.69 | Drag 9.74 | Flagelo 3.00 | Pressão EOS máx 8.64e-02 med 1.68e-03 | Total 4.56
inserção t=41.3s: 89 partículas inseridas
wake inserção t=41.3s: 150 inseridas
wake inserção t=43.0s: 150 inseridas
--------------------------------------------------
Tempo: 44.61s | Iteração: 2400
Velocidade Máx: 0.1384 | Contraste CS: 10.7544
c_n: mean=0.9796 max=1.0000 | massa: 206.45
sigma_a braços (n=810): min=0.578 mean=0.985 frac<0.85=5.06% | c/ filler: mean=0.958
vazio areal: >0.7dx=6.10% >1.0dx=0.75% >1.5dx=0.02%
motor na biomassa: a_mar med=0.125 p95=1.97 | biomassa=0.7243 bracos=0.2736 | pinadas=44
clump(<0.5dx)=35.9% nn_mediana=0.628dx
Acelerações: Marangoni 12.95 | Drag 12.42 | Flagelo 3.00 | Pressão EOS máx 1.17e-01 med 1.86e-03 | Total 1.48
inserção t=44.6s: 96 partículas inseridas
wake inserção t=44.6s: 154 inseridas
wake inserção t=46.5s: 151 inseridas
--------------------------------------------------
Tempo: 48.13s | Iteração: 2600
Velocidade Máx: 0.3011 | Contraste CS: 9.8147
c_n: mean=0.9764 max=1.0000 | massa: 207.75
sigma_a braços (n=1003): min=0.549 mean=0.992 frac<0.85=4.29% | c/ filler: mean=0.963
vazio areal: >0.7dx=6.48% >1.0dx=0.93% >1.5dx=0.04%
motor na biomassa: a_mar med=0.117 p95=1.94 | biomassa=0.8197 bracos=0.3191 | pinadas=44
clump(<0.5dx)=36.7% nn_mediana=0.630dx
Acelerações: Marangoni 13.61 | Drag 12.96 | Flagelo 3.00 | Pressão EOS máx 9.06e-02 med 2.07e-03 | Total 14.50
inserção t=48.1s: 100 partículas inseridas
wake inserção t=48.1s: 150 inseridas
wake inserção t=49.6s: 150 inseridas
Run took: 1464.79568 secs
