----------------------------------------------------------------------
No of particles:
  fluid: 68121
  solid: 2108
  Total: 70229
----------------------------------------------------------------------
Setup took: 4.92411 secs
--------------------------------------------------
Tempo: 0.00s | Iteração: 0
Velocidade Máx: 0.4292 | Contraste CS: 828.2278
c_n: mean=0.9990 max=1.0000 | massa: 197.51
sigma_a braços (n=67): min=1.000 mean=1.000 frac<0.85=0.00% | c/ filler: mean=1.000
vazio areal: >0.7dx=2.55% >1.0dx=0.00% >1.5dx=0.00%
motor na biomassa: a_mar med=1.530 p95=2.10 | biomassa=0.2543 bracos=0.1886 | pinadas=43
clump(<0.5dx)=0.0% nn_mediana=0.919dx
Acelerações: Marangoni 2.24 | Drag 0.00 | Flagelo 2.99 | Pressão EOS máx 4.58e-08 med 2.89e-08 | Total 5.17
wake inserção t=2.3s: 146 inseridas
--------------------------------------------------
Tempo: 4.49s | Iteração: 200
Velocidade Máx: 0.0977 | Contraste CS: 75.6557
c_n: mean=0.9983 max=1.0000 | massa: 197.94
sigma_a braços (n=69): min=0.593 mean=0.931 frac<0.85=37.68% | c/ filler: mean=0.978
vazio areal: >0.7dx=27.25% >1.0dx=16.06% >1.5dx=4.03%
motor na biomassa: a_mar med=0.203 p95=4.60 | biomassa=0.2675 bracos=0.1103 | pinadas=43
clump(<0.5dx)=23.1% nn_mediana=0.749dx
Acelerações: Marangoni 7.22 | Drag 7.70 | Flagelo 2.99 | Pressão EOS máx 9.06e-02 med 5.59e-03 | Total 1.81
inserção t=4.5s: 5 partículas inseridas
wake inserção t=4.5s: 106 inseridas
rastro t=4.5s: 38 convertidas (69 lideres)
wake inserção t=5.5s: 13 inseridas
rastro t=5.5s: 39 convertidas (68 lideres)
--------------------------------------------------
Tempo: 7.25s | Iteração: 400
Velocidade Máx: 0.0817 | Contraste CS: 55.2602
c_n: mean=0.9970 max=1.0000 | massa: 198.31
sigma_a braços (n=70): min=0.661 mean=0.970 frac<0.85=24.29% | c/ filler: mean=0.972
vazio areal: >0.7dx=12.79% >1.0dx=3.33% >1.5dx=0.11%
motor na biomassa: a_mar med=0.165 p95=3.37 | biomassa=0.2500 bracos=0.0585 | pinadas=43
clump(<0.5dx)=25.7% nn_mediana=0.730dx
Acelerações: Marangoni 4.94 | Drag 6.50 | Flagelo 2.99 | Pressão EOS máx 4.83e-02 med 5.77e-03 | Total 2.72
inserção t=7.3s: 2 partículas inseridas
wake inserção t=7.3s: 44 inseridas
rastro t=7.3s: 122 convertidas (71 lideres)
wake inserção t=8.9s: 11 inseridas
rastro t=8.9s: 178 convertidas (67 lideres)
--------------------------------------------------
Tempo: 10.74s | Iteração: 600
Velocidade Máx: 0.0747 | Contraste CS: 42.2995
c_n: mean=0.9948 max=1.0000 | massa: 198.51
sigma_a braços (n=81): min=0.772 mean=0.996 frac<0.85=7.41% | c/ filler: mean=0.984
vazio areal: >0.7dx=9.10% >1.0dx=0.73% >1.5dx=0.00%
motor na biomassa: a_mar med=0.244 p95=3.30 | biomassa=0.2807 bracos=0.0563 | pinadas=43
clump(<0.5dx)=30.9% nn_mediana=0.645dx
Acelerações: Marangoni 3.98 | Drag 5.64 | Flagelo 3.00 | Pressão EOS máx 4.58e-02 med 5.37e-03 | Total 2.61
inserção t=10.7s: 3 partículas inseridas
wake inserção t=10.7s: 26 inseridas
rastro t=10.7s: 250 convertidas (56 lideres)
wake inserção t=12.1s: 17 inseridas
rastro t=12.1s: 235 convertidas (41 lideres)
--------------------------------------------------
Tempo: 14.33s | Iteração: 800
Velocidade Máx: 0.3069 | Contraste CS: 35.4594
c_n: mean=0.9914 max=1.0000 | massa: 198.68
sigma_a braços (n=99): min=0.733 mean=1.001 frac<0.85=2.02% | c/ filler: mean=0.988
vazio areal: >0.7dx=6.05% >1.0dx=0.18% >1.5dx=0.00%
motor na biomassa: a_mar med=0.136 p95=2.67 | biomassa=0.3262 bracos=0.0682 | pinadas=43
clump(<0.5dx)=31.4% nn_mediana=0.619dx
Acelerações: Marangoni 4.94 | Drag 11.90 | Flagelo 3.00 | Pressão EOS máx 4.42e-02 med 4.49e-03 | Total 13.38
wake inserção t=14.3s: 30 inseridas
rastro t=14.3s: 331 convertidas (41 lideres)
wake inserção t=16.3s: 18 inseridas
rastro t=16.3s: 317 convertidas (32 lideres)
--------------------------------------------------
Tempo: 18.30s | Iteração: 1000
Velocidade Máx: 0.0776 | Contraste CS: 30.4131
c_n: mean=0.9870 max=1.0000 | massa: 198.87
sigma_a braços (n=226): min=0.851 mean=1.006 frac<0.85=0.00% | c/ filler: mean=0.992
vazio areal: >0.7dx=4.91% >1.0dx=0.14% >1.5dx=0.00%
motor na biomassa: a_mar med=0.108 p95=1.96 | biomassa=0.3737 bracos=0.1121 | pinadas=43
clump(<0.5dx)=26.8% nn_mediana=0.635dx
Acelerações: Marangoni 4.22 | Drag 5.94 | Flagelo 3.00 | Pressão EOS máx 1.99e-02 med 3.35e-03 | Total 4.43
inserção t=18.3s: 2 partículas inseridas
wake inserção t=18.3s: 20 inseridas
rastro t=18.3s: 353 convertidas (35 lideres)
wake inserção t=19.9s: 25 inseridas
rastro t=19.9s: 286 convertidas (35 lideres)
--------------------------------------------------
Tempo: 22.05s | Iteração: 1200
Velocidade Máx: 0.3950 | Contraste CS: 26.2840
c_n: mean=0.9823 max=1.0000 | massa: 199.05
sigma_a braços (n=401): min=0.813 mean=1.005 frac<0.85=0.25% | c/ filler: mean=0.995
vazio areal: >0.7dx=4.91% >1.0dx=0.11% >1.5dx=0.00%
motor na biomassa: a_mar med=0.137 p95=1.54 | biomassa=0.4226 bracos=0.1856 | pinadas=43
clump(<0.5dx)=23.7% nn_mediana=0.651dx
Acelerações: Marangoni 5.58 | Drag 16.94 | Flagelo 3.00 | Pressão EOS máx 1.79e-02 med 2.80e-03 | Total 22.28
inserção t=22.1s: 4 partículas inseridas
wake inserção t=22.1s: 24 inseridas
rastro t=22.1s: 392 convertidas (45 lideres)
wake inserção t=23.6s: 40 inseridas
rastro t=23.6s: 293 convertidas (41 lideres)
--------------------------------------------------
Tempo: 24.99s | Iteração: 1400
Velocidade Máx: 0.5411 | Contraste CS: 23.9961
c_n: mean=0.9779 max=1.0000 | massa: 199.28
sigma_a braços (n=450): min=0.756 mean=1.003 frac<0.85=0.44% | c/ filler: mean=0.995
vazio areal: >0.7dx=4.87% >1.0dx=0.06% >1.5dx=0.00%
motor na biomassa: a_mar med=0.129 p95=2.04 | biomassa=0.4566 bracos=0.2062 | pinadas=43
clump(<0.5dx)=24.1% nn_mediana=0.651dx
Acelerações: Marangoni 5.87 | Drag 17.20 | Flagelo 3.00 | Pressão EOS máx 6.19e-02 med 2.29e-03 | Total 22.53
inserção t=25.0s: 12 partículas inseridas
wake inserção t=25.0s: 25 inseridas
rastro t=25.0s: 270 convertidas (40 lideres)
wake inserção t=27.0s: 25 inseridas
rastro t=27.0s: 383 convertidas (43 lideres)
--------------------------------------------------
Tempo: 28.45s | Iteração: 1600
Velocidade Máx: 0.4588 | Contraste CS: 20.9000
c_n: mean=0.9728 max=1.0000 | massa: 199.50
sigma_a braços (n=469): min=0.635 mean=1.000 frac<0.85=1.07% | c/ filler: mean=0.995
vazio areal: >0.7dx=5.71% >1.0dx=0.24% >1.5dx=0.00%
motor na biomassa: a_mar med=0.113 p95=1.85 | biomassa=0.4993 bracos=0.2018 | pinadas=43
clump(<0.5dx)=27.8% nn_mediana=0.641dx
Acelerações: Marangoni 5.33 | Drag 10.02 | Flagelo 3.00 | Pressão EOS máx 4.63e-02 med 1.91e-03 | Total 13.53
inserção t=28.5s: 17 partículas inseridas
wake inserção t=28.5s: 36 inseridas
rastro t=28.5s: 302 convertidas (42 lideres)
wake inserção t=30.0s: 55 inseridas
rastro t=30.0s: 308 convertidas (45 lideres)
--------------------------------------------------
Tempo: 31.97s | Iteração: 1800
Velocidade Máx: 0.1130 | Contraste CS: 18.2031
c_n: mean=0.9672 max=1.0000 | massa: 199.86
sigma_a braços (n=481): min=0.716 mean=0.997 frac<0.85=1.87% | c/ filler: mean=0.995
vazio areal: >0.7dx=6.13% >1.0dx=0.20% >1.5dx=0.00%
motor na biomassa: a_mar med=0.099 p95=1.67 | biomassa=0.5415 bracos=0.2017 | pinadas=43
clump(<0.5dx)=32.0% nn_mediana=0.617dx
Acelerações: Marangoni 9.16 | Drag 9.50 | Flagelo 3.00 | Pressão EOS máx 2.83e-02 med 1.78e-03 | Total 7.21
inserção t=32.0s: 18 partículas inseridas
wake inserção t=32.0s: 78 inseridas
rastro t=32.0s: 383 convertidas (46 lideres)
wake inserção t=32.8s: 56 inseridas
rastro t=32.8s: 205 convertidas (29 lideres)
--------------------------------------------------
Tempo: 34.19s | Iteração: 2000
Velocidade Máx: 0.1092 | Contraste CS: 17.0346
c_n: mean=0.9627 max=1.0000 | massa: 200.33
sigma_a braços (n=485): min=0.728 mean=0.997 frac<0.85=1.65% | c/ filler: mean=0.995
vazio areal: >0.7dx=6.08% >1.0dx=0.09% >1.5dx=0.00%
motor na biomassa: a_mar med=0.089 p95=1.81 | biomassa=0.5671 bracos=0.1650 | pinadas=43
clump(<0.5dx)=37.0% nn_mediana=0.594dx
Acelerações: Marangoni 9.87 | Drag 9.59 | Flagelo 2.99 | Pressão EOS máx 2.21e-02 med 1.68e-03 | Total 1.97
inserção t=34.2s: 21 partículas inseridas
wake inserção t=34.2s: 63 inseridas
rastro t=34.2s: 260 convertidas (38 lideres)
wake inserção t=34.6s: 44 inseridas
rastro t=34.6s: 82 convertidas (27 lideres)
--------------------------------------------------
Tempo: 34.66s | Iteração: 2200
Velocidade Máx: 0.1347 | Contraste CS: 17.1258
c_n: mean=0.9614 max=1.0000 | massa: 200.71
sigma_a braços (n=487): min=0.823 mean=0.999 frac<0.85=0.21% | c/ filler: mean=0.995
vazio areal: >0.7dx=6.09% >1.0dx=0.01% >1.5dx=0.00%
motor na biomassa: a_mar med=0.086 p95=2.32 | biomassa=0.5640 bracos=0.1402 | pinadas=43
clump(<0.5dx)=41.9% nn_mediana=0.563dx
Acelerações: Marangoni 9.77 | Drag 10.90 | Flagelo 3.00 | Pressão EOS máx 2.14e-02 med 1.40e-03 | Total 2.70
wake inserção t=34.7s: 27 inseridas
wake inserção t=36.0s: 66 inseridas
rastro t=36.0s: 270 convertidas (35 lideres)
--------------------------------------------------
Tempo: 36.16s | Iteração: 2400
Velocidade Máx: 0.1471 | Contraste CS: 16.1733
c_n: mean=0.9584 max=1.0000 | massa: 201.00
sigma_a braços (n=498): min=0.781 mean=0.997 frac<0.85=0.60% | c/ filler: mean=0.995
vazio areal: >0.7dx=7.14% >1.0dx=0.05% >1.5dx=0.00%
motor na biomassa: a_mar med=0.083 p95=2.53 | biomassa=0.5807 bracos=0.1263 | pinadas=44
clump(<0.5dx)=48.1% nn_mediana=0.519dx
Acelerações: Marangoni 12.33 | Drag 12.31 | Flagelo 3.00 | Pressão EOS máx 2.77e-02 med 1.32e-03 | Total 2.73
inserção t=36.2s: 21 partículas inseridas
wake inserção t=36.2s: 55 inseridas
rastro t=36.2s: 34 convertidas (25 lideres)
wake inserção t=36.9s: 70 inseridas
rastro t=36.9s: 189 convertidas (31 lideres)
--------------------------------------------------
Tempo: 38.62s | Iteração: 2600
Velocidade Máx: 0.1360 | Contraste CS: 14.5452
c_n: mean=0.9537 max=1.0000 | massa: 201.47
sigma_a braços (n=533): min=0.659 mean=0.993 frac<0.85=1.13% | c/ filler: mean=0.995
vazio areal: >0.7dx=7.64% >1.0dx=0.19% >1.5dx=0.00%
motor na biomassa: a_mar med=0.085 p95=1.71 | biomassa=0.6149 bracos=0.1389 | pinadas=44
clump(<0.5dx)=53.1% nn_mediana=0.479dx
Acelerações: Marangoni 10.05 | Drag 10.30 | Flagelo 2.99 | Pressão EOS máx 3.95e-02 med 1.35e-03 | Total 14.78
inserção t=38.6s: 42 partículas inseridas
wake inserção t=38.6s: 81 inseridas
rastro t=38.6s: 321 convertidas (51 lideres)
wake inserção t=40.4s: 141 inseridas
rastro t=40.4s: 363 convertidas (52 lideres)
--------------------------------------------------
Tempo: 40.73s | Iteração: 2800
Velocidade Máx: 0.1487 | Contraste CS: 13.6916
c_n: mean=0.9492 max=1.0000 | massa: 202.27
sigma_a braços (n=544): min=0.841 mean=0.995 frac<0.85=0.18% | c/ filler: mean=0.995
vazio areal: >0.7dx=7.55% >1.0dx=0.12% >1.5dx=0.00%
motor na biomassa: a_mar med=0.076 p95=1.54 | biomassa=0.6341 bracos=0.1205 | pinadas=44
clump(<0.5dx)=53.9% nn_mediana=0.468dx
Acelerações: Marangoni 13.81 | Drag 13.25 | Flagelo 2.99 | Pressão EOS máx 6.89e-02 med 1.50e-03 | Total 10.23
inserção t=40.7s: 62 partículas inseridas
wake inserção t=40.7s: 56 inseridas
rastro t=40.7s: 81 convertidas (24 lideres)
wake inserção t=41.9s: 88 inseridas
rastro t=41.9s: 229 convertidas (35 lideres)
--------------------------------------------------
Tempo: 43.53s | Iteração: 3000
Velocidade Máx: 0.1171 | Contraste CS: 12.3840
c_n: mean=0.9433 max=1.0000 | massa: 202.92
sigma_a braços (n=565): min=0.755 mean=0.994 frac<0.85=1.42% | c/ filler: mean=0.995
vazio areal: >0.7dx=7.66% >1.0dx=0.19% >1.5dx=0.01%
motor na biomassa: a_mar med=0.069 p95=1.27 | biomassa=0.6697 bracos=0.1323 | pinadas=44
clump(<0.5dx)=56.8% nn_mediana=0.438dx
Acelerações: Marangoni 11.11 | Drag 10.55 | Flagelo 3.00 | Pressão EOS máx 6.38e-02 med 1.52e-03 | Total 5.17
inserção t=43.5s: 54 partículas inseridas
wake inserção t=43.5s: 128 inseridas
rastro t=43.5s: 331 convertidas (48 lideres)
wake inserção t=45.1s: 150 inseridas
rastro t=45.1s: 331 convertidas (37 lideres)
--------------------------------------------------
Tempo: 46.61s | Iteração: 3200
Velocidade Máx: 0.1142 | Contraste CS: 11.2963
c_n: mean=0.9366 max=1.0000 | massa: 203.94
sigma_a braços (n=604): min=0.778 mean=0.995 frac<0.85=1.66% | c/ filler: mean=0.995
vazio areal: >0.7dx=7.24% >1.0dx=0.23% >1.5dx=0.01%
motor na biomassa: a_mar med=0.061 p95=1.13 | biomassa=0.7073 bracos=0.1569 | pinadas=44
clump(<0.5dx)=55.4% nn_mediana=0.453dx
Acelerações: Marangoni 10.61 | Drag 10.24 | Flagelo 3.00 | Pressão EOS máx 1.15e-01 med 1.63e-03 | Total 5.26
inserção t=46.6s: 85 partículas inseridas
wake inserção t=46.6s: 109 inseridas
rastro t=46.6s: 311 convertidas (41 lideres)
wake inserção t=48.1s: 150 inseridas
rastro t=48.1s: 283 convertidas (40 lideres)
--------------------------------------------------
Tempo: 49.43s | Iteração: 3400
Velocidade Máx: 0.1324 | Contraste CS: 10.4385
c_n: mean=0.9302 max=1.0000 | massa: 205.00
sigma_a braços (n=654): min=0.770 mean=0.994 frac<0.85=2.14% | c/ filler: mean=0.995
vazio areal: >0.7dx=6.69% >1.0dx=0.15% >1.5dx=0.00%
motor na biomassa: a_mar med=0.054 p95=1.21 | biomassa=0.7437 bracos=0.1783 | pinadas=44
clump(<0.5dx)=55.1% nn_mediana=0.451dx
Acelerações: Marangoni 12.32 | Drag 11.77 | Flagelo 2.99 | Pressão EOS máx 6.12e-02 med 1.65e-03 | Total 5.33
inserção t=49.4s: 100 partículas inseridas
wake inserção t=49.4s: 124 inseridas
rastro t=49.4s: 252 convertidas (39 lideres)
Run took: 1675.27149 secs
