Generating output in /Users/isa/Developer/sph/runs/P2R3_rastro_lateral/main_output
----------------------------------------------------------------------
No of particles:
  fluid: 68121
  solid: 2108
  Total: 70229
----------------------------------------------------------------------
Setup took: 0.07439 secs
--------------------------------------------------
Tempo: 0.00s | Iteração: 0
Velocidade Máx: 0.4292 | Contraste CS: 828.2406
c_n: mean=0.9990 max=1.0000 | massa: 197.51
sigma_a braços (n=67): min=1.000 mean=1.000 frac<0.85=0.00% | c/ filler: mean=1.000
vazio areal: >0.7dx=2.55% >1.0dx=0.00% >1.5dx=0.00%
motor na biomassa: a_mar med=1.530 p95=2.10 | biomassa=0.2543 bracos=0.1886 | pinadas=43
clump(<0.5dx)=0.0% nn_mediana=0.919dx
Acelerações: Marangoni 2.24 | Drag 0.00 | Flagelo 2.99 | Pressão EOS máx 4.58e-08 med 2.89e-08 | Total 5.17
wake inserção t=2.3s: 145 inseridas
rastro t=2.3s: 24 convertidas (60 lideres)
--------------------------------------------------
Tempo: 3.62s | Iteração: 200
Velocidade Máx: 0.0977 | Contraste CS: 94.8344
c_n: mean=0.9986 max=1.0000 | massa: 197.94
sigma_a braços (n=70): min=0.628 mean=0.926 frac<0.85=38.57% | c/ filler: mean=0.985
vazio areal: >0.7dx=25.20% >1.0dx=14.27% >1.5dx=2.88%
motor na biomassa: a_mar med=0.226 p95=4.63 | biomassa=0.2640 bracos=0.1295 | pinadas=43
clump(<0.5dx)=25.4% nn_mediana=0.747dx
Acelerações: Marangoni 7.06 | Drag 7.92 | Flagelo 2.97 | Pressão EOS máx 5.99e-02 med 1.53e-03 | Total 1.83
inserção t=3.6s: 3 partículas inseridas
wake inserção t=3.6s: 48 inseridas
rastro t=3.6s: 26 convertidas (64 lideres)
wake inserção t=5.4s: 93 inseridas
rastro t=5.4s: 48 convertidas (67 lideres)
--------------------------------------------------
Tempo: 7.30s | Iteração: 400
Velocidade Máx: 0.0778 | Contraste CS: 62.2463
c_n: mean=0.9975 max=1.0000 | massa: 198.36
sigma_a braços (n=68): min=0.694 mean=0.994 frac<0.85=8.82% | c/ filler: mean=0.971
vazio areal: >0.7dx=12.61% >1.0dx=3.30% >1.5dx=0.15%
motor na biomassa: a_mar med=0.171 p95=3.10 | biomassa=0.2485 bracos=0.0560 | pinadas=43
clump(<0.5dx)=25.2% nn_mediana=0.740dx
Acelerações: Marangoni 3.95 | Drag 5.72 | Flagelo 2.99 | Pressão EOS máx 4.96e-02 med 2.71e-03 | Total 1.54
wake inserção t=7.3s: 30 inseridas
rastro t=7.3s: 158 convertidas (64 lideres)
wake inserção t=8.4s: 11 inseridas
rastro t=8.4s: 127 convertidas (54 lideres)
--------------------------------------------------
Tempo: 10.06s | Iteração: 600
Velocidade Máx: 0.0854 | Contraste CS: 53.4725
c_n: mean=0.9960 max=1.0000 | massa: 198.50
sigma_a braços (n=71): min=0.823 mean=0.992 frac<0.85=1.41% | c/ filler: mean=0.981
vazio areal: >0.7dx=9.74% >1.0dx=1.67% >1.5dx=0.05%
motor na biomassa: a_mar med=0.172 p95=3.28 | biomassa=0.2667 bracos=0.0518 | pinadas=43
clump(<0.5dx)=32.2% nn_mediana=0.661dx
Acelerações: Marangoni 4.60 | Drag 6.63 | Flagelo 3.00 | Pressão EOS máx 4.94e-02 med 3.80e-03 | Total 1.36
wake inserção t=10.1s: 10 inseridas
rastro t=10.1s: 152 convertidas (38 lideres)
wake inserção t=11.0s: 14 inseridas
rastro t=11.0s: 136 convertidas (30 lideres)
--------------------------------------------------
Tempo: 12.67s | Iteração: 800
Velocidade Máx: 0.0872 | Contraste CS: 46.6969
c_n: mean=0.9940 max=1.0000 | massa: 198.59
sigma_a braços (n=75): min=0.856 mean=0.994 frac<0.85=0.00% | c/ filler: mean=0.977
vazio areal: >0.7dx=8.26% >1.0dx=0.95% >1.5dx=0.01%
motor na biomassa: a_mar med=0.184 p95=3.42 | biomassa=0.2929 bracos=0.0601 | pinadas=43
clump(<0.5dx)=30.3% nn_mediana=0.642dx
Acelerações: Marangoni 5.01 | Drag 6.85 | Flagelo 3.00 | Pressão EOS máx 3.62e-02 med 3.47e-03 | Total 1.42
wake inserção t=12.7s: 25 inseridas
rastro t=12.7s: 192 convertidas (27 lideres)
wake inserção t=14.4s: 35 inseridas
rastro t=14.4s: 196 convertidas (27 lideres)
--------------------------------------------------
Tempo: 16.62s | Iteração: 1000
Velocidade Máx: 0.0909 | Contraste CS: 38.2041
c_n: mean=0.9908 max=1.0000 | massa: 198.79
sigma_a braços (n=100): min=0.812 mean=0.989 frac<0.85=3.00% | c/ filler: mean=0.974
vazio areal: >0.7dx=6.77% >1.0dx=0.43% >1.5dx=0.00%
motor na biomassa: a_mar med=0.154 p95=2.75 | biomassa=0.3314 bracos=0.0764 | pinadas=43
clump(<0.5dx)=26.7% nn_mediana=0.656dx
Acelerações: Marangoni 4.57 | Drag 8.93 | Flagelo 3.00 | Pressão EOS máx 3.71e-02 med 2.75e-03 | Total 12.65
inserção t=16.6s: 2 partículas inseridas
wake inserção t=16.6s: 34 inseridas
rastro t=16.6s: 192 convertidas (27 lideres)
wake inserção t=18.9s: 53 inseridas
rastro t=18.9s: 181 convertidas (27 lideres)
--------------------------------------------------
Tempo: 20.38s | Iteração: 1200
Velocidade Máx: 0.0910 | Contraste CS: 32.4554
c_n: mean=0.9877 max=1.0000 | massa: 199.09
sigma_a braços (n=195): min=0.775 mean=0.991 frac<0.85=2.05% | c/ filler: mean=0.973
vazio areal: >0.7dx=5.90% >1.0dx=0.33% >1.5dx=0.02%
motor na biomassa: a_mar med=0.152 p95=2.91 | biomassa=0.3670 bracos=0.1163 | pinadas=43
clump(<0.5dx)=24.8% nn_mediana=0.667dx
Acelerações: Marangoni 6.24 | Drag 7.39 | Flagelo 3.00 | Pressão EOS máx 2.22e-02 med 1.99e-03 | Total 1.92
inserção t=20.4s: 6 partículas inseridas
wake inserção t=20.4s: 38 inseridas
rastro t=20.4s: 169 convertidas (25 lideres)
wake inserção t=21.9s: 33 inseridas
rastro t=21.9s: 151 convertidas (25 lideres)
--------------------------------------------------
Tempo: 22.15s | Iteração: 1400
Velocidade Máx: 0.1384 | Contraste CS: 30.9597
c_n: mean=0.9858 max=1.0000 | massa: 199.32
sigma_a braços (n=247): min=0.717 mean=0.995 frac<0.85=0.40% | c/ filler: mean=0.975
vazio areal: >0.7dx=4.71% >1.0dx=0.09% >1.5dx=0.00%
motor na biomassa: a_mar med=0.157 p95=4.64 | biomassa=0.3795 bracos=0.1360 | pinadas=43
clump(<0.5dx)=23.3% nn_mediana=0.659dx
Acelerações: Marangoni 10.12 | Drag 11.13 | Flagelo 3.00 | Pressão EOS máx 2.71e-02 med 1.54e-03 | Total 1.88
inserção t=22.1s: 3 partículas inseridas
wake inserção t=22.1s: 5 inseridas
rastro t=22.1s: 26 convertidas (25 lideres)
wake inserção t=23.6s: 23 inseridas
rastro t=23.6s: 146 convertidas (25 lideres)
--------------------------------------------------
Tempo: 25.76s | Iteração: 1600
Velocidade Máx: 0.1686 | Contraste CS: 26.0741
c_n: mean=0.9824 max=1.0000 | massa: 199.45
sigma_a braços (n=330): min=0.659 mean=0.993 frac<0.85=3.33% | c/ filler: mean=0.974
vazio areal: >0.7dx=6.36% >1.0dx=0.41% >1.5dx=0.02%
motor na biomassa: a_mar med=0.132 p95=2.57 | biomassa=0.4164 bracos=0.1775 | pinadas=43
clump(<0.5dx)=26.4% nn_mediana=0.644dx
Acelerações: Marangoni 8.11 | Drag 18.23 | Flagelo 3.00 | Pressão EOS máx 7.91e-02 med 1.59e-03 | Total 20.03
inserção t=25.8s: 15 partículas inseridas
wake inserção t=25.8s: 58 inseridas
rastro t=25.8s: 135 convertidas (25 lideres)
wake inserção t=27.2s: 48 inseridas
rastro t=27.2s: 141 convertidas (25 lideres)
--------------------------------------------------
Tempo: 28.76s | Iteração: 1800
Velocidade Máx: 0.1291 | Contraste CS: 23.6873
c_n: mean=0.9794 max=1.0000 | massa: 199.82
sigma_a braços (n=353): min=0.636 mean=0.993 frac<0.85=1.98% | c/ filler: mean=0.972
vazio areal: >0.7dx=6.11% >1.0dx=0.24% >1.5dx=0.00%
motor na biomassa: a_mar med=0.113 p95=2.45 | biomassa=0.4391 bracos=0.1509 | pinadas=43
clump(<0.5dx)=28.8% nn_mediana=0.637dx
Acelerações: Marangoni 7.33 | Drag 7.55 | Flagelo 3.00 | Pressão EOS máx 3.22e-02 med 1.36e-03 | Total 7.48
inserção t=28.8s: 14 partículas inseridas
wake inserção t=28.8s: 72 inseridas
rastro t=28.8s: 138 convertidas (24 lideres)
wake inserção t=30.3s: 45 inseridas
rastro t=30.3s: 125 convertidas (24 lideres)
--------------------------------------------------
Tempo: 32.21s | Iteração: 2000
Velocidade Máx: 0.3090 | Contraste CS: 21.2415
c_n: mean=0.9757 max=1.0000 | massa: 200.23
sigma_a braços (n=383): min=0.564 mean=0.988 frac<0.85=3.66% | c/ filler: mean=0.970
vazio areal: >0.7dx=6.43% >1.0dx=0.31% >1.5dx=0.00%
motor na biomassa: a_mar med=0.097 p95=2.55 | biomassa=0.4702 bracos=0.1404 | pinadas=44
clump(<0.5dx)=30.8% nn_mediana=0.639dx
Acelerações: Marangoni 8.32 | Drag 28.09 | Flagelo 2.98 | Pressão EOS máx 1.20e-01 med 1.43e-03 | Total 34.86
inserção t=32.2s: 35 partículas inseridas
wake inserção t=32.2s: 76 inseridas
rastro t=32.2s: 121 convertidas (24 lideres)
wake inserção t=32.5s: 27 inseridas
rastro t=32.5s: 19 convertidas (23 lideres)
--------------------------------------------------
Tempo: 33.58s | Iteração: 2200
Velocidade Máx: 0.1043 | Contraste CS: 20.5536
c_n: mean=0.9739 max=1.0000 | massa: 200.64
sigma_a braços (n=402): min=0.691 mean=0.990 frac<0.85=1.99% | c/ filler: mean=0.971
vazio areal: >0.7dx=5.96% >1.0dx=0.20% >1.5dx=0.00%
motor na biomassa: a_mar med=0.092 p95=2.50 | biomassa=0.4791 bracos=0.1197 | pinadas=44
clump(<0.5dx)=32.4% nn_mediana=0.612dx
Acelerações: Marangoni 9.32 | Drag 9.12 | Flagelo 2.97 | Pressão EOS máx 3.08e-02 med 1.38e-03 | Total 5.38
inserção t=33.6s: 22 partículas inseridas
wake inserção t=33.6s: 48 inseridas
rastro t=33.6s: 112 convertidas (24 lideres)
wake inserção t=34.8s: 75 inseridas
rastro t=34.8s: 117 convertidas (24 lideres)
--------------------------------------------------
Tempo: 36.72s | Iteração: 2400
Velocidade Máx: 0.2385 | Contraste CS: 18.7652
c_n: mean=0.9703 max=1.0000 | massa: 201.09
sigma_a braços (n=410): min=0.551 mean=0.987 frac<0.85=3.90% | c/ filler: mean=0.970
vazio areal: >0.7dx=6.29% >1.0dx=0.28% >1.5dx=0.00%
motor na biomassa: a_mar med=0.081 p95=2.87 | biomassa=0.5100 bracos=0.1088 | pinadas=44
clump(<0.5dx)=35.2% nn_mediana=0.600dx
Acelerações: Marangoni 9.78 | Drag 25.40 | Flagelo 3.00 | Pressão EOS máx 1.18e-01 med 1.63e-03 | Total 32.09
inserção t=36.7s: 68 partículas inseridas
wake inserção t=36.7s: 88 inseridas
rastro t=36.7s: 103 convertidas (23 lideres)
wake inserção t=38.5s: 119 inseridas
rastro t=38.5s: 102 convertidas (23 lideres)
--------------------------------------------------
Tempo: 39.91s | Iteração: 2600
Velocidade Máx: 0.1316 | Contraste CS: 17.2261
c_n: mean=0.9666 max=1.0000 | massa: 201.92
sigma_a braços (n=425): min=0.588 mean=0.991 frac<0.85=2.82% | c/ filler: mean=0.970
vazio areal: >0.7dx=6.04% >1.0dx=0.25% >1.5dx=0.00%
motor na biomassa: a_mar med=0.073 p95=2.63 | biomassa=0.5349 bracos=0.1054 | pinadas=44
clump(<0.5dx)=36.2% nn_mediana=0.609dx
Acelerações: Marangoni 12.31 | Drag 11.71 | Flagelo 2.97 | Pressão EOS máx 5.56e-02 med 1.67e-03 | Total 1.80
inserção t=39.9s: 76 partículas inseridas
wake inserção t=39.9s: 89 inseridas
rastro t=39.9s: 103 convertidas (22 lideres)
wake inserção t=41.7s: 114 inseridas
rastro t=41.7s: 82 convertidas (22 lideres)
--------------------------------------------------
Tempo: 43.40s | Iteração: 2800
Velocidade Máx: 0.1170 | Contraste CS: 15.7720
c_n: mean=0.9625 max=1.0000 | massa: 202.77
sigma_a braços (n=432): min=0.668 mean=0.992 frac<0.85=3.01% | c/ filler: mean=0.970
vazio areal: >0.7dx=6.09% >1.0dx=0.34% >1.5dx=0.00%
motor na biomassa: a_mar med=0.065 p95=2.62 | biomassa=0.5679 bracos=0.1054 | pinadas=44
clump(<0.5dx)=36.3% nn_mediana=0.604dx
Acelerações: Marangoni 10.11 | Drag 10.04 | Flagelo 3.00 | Pressão EOS máx 1.50e-01 med 1.67e-03 | Total 5.53
inserção t=43.4s: 101 partículas inseridas
wake inserção t=43.4s: 104 inseridas
rastro t=43.4s: 97 convertidas (22 lideres)
wake inserção t=45.3s: 127 inseridas
rastro t=45.3s: 79 convertidas (22 lideres)
--------------------------------------------------
Tempo: 47.00s | Iteração: 3000
Velocidade Máx: 0.1342 | Contraste CS: 14.5475
c_n: mean=0.9583 max=1.0000 | massa: 203.78
sigma_a braços (n=467): min=0.664 mean=0.996 frac<0.85=3.64% | c/ filler: mean=0.971
vazio areal: >0.7dx=5.91% >1.0dx=0.44% >1.5dx=0.01%
motor na biomassa: a_mar med=0.054 p95=2.36 | biomassa=0.6185 bracos=0.1236 | pinadas=44
clump(<0.5dx)=36.0% nn_mediana=0.599dx
Acelerações: Marangoni 11.45 | Drag 11.52 | Flagelo 3.00 | Pressão EOS máx 8.03e-02 med 1.81e-03 | Total 16.12
inserção t=47.0s: 105 partículas inseridas
wake inserção t=47.0s: 118 inseridas
rastro t=47.0s: 87 convertidas (21 lideres)
wake inserção t=48.8s: 119 inseridas
rastro t=48.8s: 70 convertidas (21 lideres)
Run took: 1738.14472 secs
