INFO|2025-07-16 11:16:46,556|pysph.solver.application|Started as:
main.py
INFO|2025-07-16 11:16:46,557|pysph.solver.application|Running on Mac-mini-de-Isadora.local with address 127.0.0.1
INFO|2025-07-16 11:16:46,557|pysph.solver.application|Using OpenMP schedule dynamic,64
INFO|2025-07-16 11:18:33,063|pysph.solver.application|Started as:
main.py
INFO|2025-07-16 11:18:33,063|pysph.solver.application|Running on Mac-mini-de-Isadora.local with address 127.0.0.1
INFO|2025-07-16 11:18:33,063|pysph.solver.application|Using OpenMP schedule dynamic,64
INFO|2025-07-16 11:20:04,268|pysph.solver.application|Started as:
main.py
INFO|2025-07-16 11:20:04,268|pysph.solver.application|Running on Mac-mini-de-Isadora.local with address 127.0.0.1
INFO|2025-07-16 11:20:04,268|pysph.solver.application|Using OpenMP schedule dynamic,64
INFO|2025-07-16 11:20:46,062|pysph.solver.application|Started as:
main.py
INFO|2025-07-16 11:20:46,063|pysph.solver.application|Running on Mac-mini-de-Isadora.local with address 127.0.0.1
INFO|2025-07-16 11:20:46,063|pysph.solver.application|Using OpenMP schedule dynamic,64
INFO|2025-07-16 11:21:58,546|pysph.solver.application|Started as:
main.py
INFO|2025-07-16 11:21:58,547|pysph.solver.application|Running on Mac-mini-de-Isadora.local with address 127.0.0.1
INFO|2025-07-16 11:21:58,547|pysph.solver.application|Using OpenMP schedule dynamic,64
INFO|2025-07-16 11:22:21,581|pysph.solver.application|Started as:
main.py
INFO|2025-07-16 11:22:21,581|pysph.solver.application|Running on Mac-mini-de-Isadora.local with address 127.0.0.1
INFO|2025-07-16 11:22:21,581|pysph.solver.application|Using OpenMP schedule dynamic,64
INFO|2025-07-16 11:24:44,544|pysph.solver.application|Started as:
main.py
INFO|2025-07-16 11:24:44,545|pysph.solver.application|Running on Mac-mini-de-Isadora.local with address 127.0.0.1
INFO|2025-07-16 11:24:44,545|pysph.solver.application|Using OpenMP schedule dynamic,64
INFO|2025-07-16 11:25:42,423|pysph.solver.application|Started as:
main.py
INFO|2025-07-16 11:25:42,423|pysph.solver.application|Running on Mac-mini-de-Isadora.local with address 127.0.0.1
INFO|2025-07-16 11:25:42,423|pysph.solver.application|Using OpenMP schedule dynamic,64
INFO|2025-07-16 11:31:27,456|pysph.solver.application|Started as:
main.py
INFO|2025-07-16 11:31:27,457|pysph.solver.application|Running on Mac-mini-de-Isadora.local with address 127.0.0.1
INFO|2025-07-16 11:31:27,457|pysph.solver.application|Using OpenMP schedule dynamic,64
INFO|2025-07-16 11:33:26,313|pysph.solver.application|Started as:
main.py
INFO|2025-07-16 11:33:26,313|pysph.solver.application|Running on Mac-mini-de-Isadora.local with address 127.0.0.1
INFO|2025-07-16 11:33:26,313|pysph.solver.application|Using OpenMP schedule dynamic,64
INFO|2025-07-16 11:35:14,531|pysph.solver.application|Started as:
main.py
INFO|2025-07-16 11:35:14,532|pysph.solver.application|Running on Mac-mini-de-Isadora.local with address 127.0.0.1
INFO|2025-07-16 11:35:14,532|pysph.solver.application|Using OpenMP schedule dynamic,64
INFO|2025-07-16 11:37:55,139|pysph.solver.application|Started as:
main.py
INFO|2025-07-16 11:37:55,139|pysph.solver.application|Running on Mac-mini-de-Isadora.local with address 127.0.0.1
INFO|2025-07-16 11:37:55,139|pysph.solver.application|Using OpenMP schedule dynamic,64
INFO|2025-07-16 11:38:33,919|pysph.solver.application|Started as:
main.py
INFO|2025-07-16 11:38:33,919|pysph.solver.application|Running on Mac-mini-de-Isadora.local with address 127.0.0.1
INFO|2025-07-16 11:38:33,919|pysph.solver.application|Using OpenMP schedule dynamic,64
INFO|2025-07-16 11:42:25,738|pysph.solver.application|Started as:
main.py
INFO|2025-07-16 11:42:25,738|pysph.solver.application|Running on Mac-mini-de-Isadora.local with address 127.0.0.1
INFO|2025-07-16 11:42:25,738|pysph.solver.application|Using OpenMP schedule dynamic,64
INFO|2025-07-16 11:43:45,229|pysph.solver.application|Started as:
main.py
INFO|2025-07-16 11:43:45,229|pysph.solver.application|Running on Mac-mini-de-Isadora.local with address 127.0.0.1
INFO|2025-07-16 11:43:45,229|pysph.solver.application|Using OpenMP schedule dynamic,64
INFO|2025-07-16 11:43:45,241|pysph.solver.application|Generating output in /Users/isa/Documents/PhD/Code/sph/main_output
INFO|2025-07-16 11:45:08,833|pysph.solver.application|Started as:
main.py
INFO|2025-07-16 11:45:08,833|pysph.solver.application|Running on Mac-mini-de-Isadora.local with address 127.0.0.1
INFO|2025-07-16 11:45:08,833|pysph.solver.application|Using OpenMP schedule dynamic,64
INFO|2025-07-16 11:45:08,835|pysph.solver.application|Generating output in /Users/isa/Documents/PhD/Code/sph/main_output
INFO|2025-07-16 11:45:54,140|pysph.solver.application|Started as:
main.py
INFO|2025-07-16 11:45:54,140|pysph.solver.application|Running on Mac-mini-de-Isadora.local with address 127.0.0.1
INFO|2025-07-16 11:45:54,140|pysph.solver.application|Using OpenMP schedule dynamic,64
INFO|2025-07-16 11:45:54,143|pysph.solver.application|Generating output in /Users/isa/Documents/PhD/Code/sph/main_output
INFO|2025-07-16 11:46:37,670|pysph.solver.application|Started as:
main.py
INFO|2025-07-16 11:46:37,670|pysph.solver.application|Running on Mac-mini-de-Isadora.local with address 127.0.0.1
INFO|2025-07-16 11:46:37,670|pysph.solver.application|Using OpenMP schedule dynamic,64
INFO|2025-07-16 11:46:37,674|pysph.solver.application|Generating output in /Users/isa/Documents/PhD/Code/sph/main_output
INFO|2025-07-16 11:49:59,445|pysph.solver.application|Started as:
main.py
INFO|2025-07-16 11:49:59,445|pysph.solver.application|Running on Mac-mini-de-Isadora.local with address 127.0.0.1
INFO|2025-07-16 11:49:59,445|pysph.solver.application|Using OpenMP schedule dynamic,64
INFO|2025-07-16 11:50:41,748|pysph.solver.application|Started as:
main.py
INFO|2025-07-16 11:50:41,749|pysph.solver.application|Running on Mac-mini-de-Isadora.local with address 127.0.0.1
INFO|2025-07-16 11:50:41,749|pysph.solver.application|Using OpenMP schedule dynamic,64
INFO|2025-07-16 11:50:41,750|pysph.solver.application|Generating output in /Users/isa/Documents/PhD/Code/sph/main_output
INFO|2025-07-16 11:55:27,135|pysph.solver.application|Started as:
main.py
INFO|2025-07-16 11:55:27,135|pysph.solver.application|Running on Mac-mini-de-Isadora.local with address 127.0.0.1
INFO|2025-07-16 11:55:27,135|pysph.solver.application|Using OpenMP schedule dynamic,64
INFO|2025-07-16 11:55:27,139|pysph.solver.application|Generating output in /Users/isa/Documents/PhD/Code/sph/main_output
INFO|2025-07-16 11:57:35,445|pysph.solver.application|Started as:
main.py
INFO|2025-07-16 11:57:35,445|pysph.solver.application|Running on Mac-mini-de-Isadora.local with address 127.0.0.1
INFO|2025-07-16 11:57:35,445|pysph.solver.application|Using OpenMP schedule dynamic,64
INFO|2025-07-16 11:57:35,447|pysph.solver.application|Generating output in /Users/isa/Documents/PhD/Code/sph/main_output
INFO|2025-07-16 11:58:05,600|pysph.solver.application|Started as:
main.py
INFO|2025-07-16 11:58:05,600|pysph.solver.application|Running on Mac-mini-de-Isadora.local with address 127.0.0.1
INFO|2025-07-16 11:58:05,600|pysph.solver.application|Using OpenMP schedule dynamic,64
INFO|2025-07-16 11:58:05,604|pysph.solver.application|Generating output in /Users/isa/Documents/PhD/Code/sph/main_output
INFO|2025-07-16 12:00:12,599|pysph.solver.application|Started as:
main.py
INFO|2025-07-16 12:00:12,600|pysph.solver.application|Running on Mac-mini-de-Isadora.local with address 127.0.0.1
INFO|2025-07-16 12:00:12,600|pysph.solver.application|Using OpenMP schedule dynamic,64
INFO|2025-07-16 12:00:12,602|pysph.solver.application|Generating output in /Users/isa/Documents/PhD/Code/sph/main_output
INFO|2025-07-16 12:00:12,618|compyle.ext_module|Compiling code at: /Users/isa/.pysph/source/py3.13-macosx-10.13-universal2/m_77abb99c3ebb6802fc807e398fb653a3.pyx
DEBUG|2025-07-16 12:00:12,625|root|No `name` configuration, performing automatic discovery
INFO|2025-07-16 12:00:12,625|root|running build_ext
INFO|2025-07-16 12:01:33,526|pysph.solver.application|Started as:
main.py
INFO|2025-07-16 12:01:33,526|pysph.solver.application|Running on Mac-mini-de-Isadora.local with address 127.0.0.1
INFO|2025-07-16 12:01:33,526|pysph.solver.application|Using OpenMP schedule dynamic,64
INFO|2025-07-16 12:01:33,528|pysph.solver.application|Generating output in /Users/isa/Documents/PhD/Code/sph/main_output
INFO|2025-07-16 12:01:33,542|compyle.ext_module|Compiling code at: /Users/isa/.pysph/source/py3.13-macosx-10.13-universal2/m_df9b7c4c91345a280db40a9987544711.pyx
DEBUG|2025-07-16 12:01:33,549|root|No `name` configuration, performing automatic discovery
INFO|2025-07-16 12:01:33,549|root|running build_ext
INFO|2025-07-16 12:01:33,935|root|building 'm_df9b7c4c91345a280db40a9987544711' extension
INFO|2025-07-16 12:01:33,935|root|clang++ -fno-strict-overflow -Wsign-compare -Wunreachable-code -fno-common -dynamic -DNDEBUG -g -O3 -Wall -arch arm64 -arch x86_64 -I/Users/isa/Documents/PhD/Code/sph/env/lib/python3.13/site-packages/numpy/_core/include -I/Users/isa/Documents/PhD/Code/sph/env/lib/python3.13/site-packages/pysph/base -I/Users/isa/Documents/PhD/Code/sph/env/include -I/Library/Frameworks/Python.framework/Versions/3.13/include/python3.13 -c /Users/isa/.pysph/source/py3.13-macosx-10.13-universal2/m_df9b7c4c91345a280db40a9987544711.cpp -o /Users/isa/.pysph/source/py3.13-macosx-10.13-universal2/build/temp.macosx-10.13-universal2-cpython-313/Users/isa/.pysph/source/py3.13-macosx-10.13-universal2/m_df9b7c4c91345a280db40a9987544711.o -O3
INFO|2025-07-16 12:01:37,092|root|clang++ -fno-strict-overflow -Wsign-compare -Wunreachable-code -fno-common -dynamic -DNDEBUG -g -O3 -Wall -arch arm64 -arch x86_64 -bundle -undefined dynamic_lookup -arch arm64 -arch x86_64 /Users/isa/.pysph/source/py3.13-macosx-10.13-universal2/build/temp.macosx-10.13-universal2-cpython-313/Users/isa/.pysph/source/py3.13-macosx-10.13-universal2/m_df9b7c4c91345a280db40a9987544711.o -o /Users/isa/.pysph/source/py3.13-macosx-10.13-universal2/build/lib.macosx-10.13-universal2-cpython-313/m_df9b7c4c91345a280db40a9987544711.cpython-313-darwin.so
INFO|2025-07-16 12:02:41,771|pysph.solver.application|Started as:
main.py
INFO|2025-07-16 12:02:41,773|pysph.solver.application|Running on Mac-mini-de-Isadora.local with address 127.0.0.1
INFO|2025-07-16 12:02:41,773|pysph.solver.application|Using OpenMP schedule dynamic,64
INFO|2025-07-16 12:02:41,775|pysph.solver.application|Generating output in /Users/isa/Documents/PhD/Code/sph/main_output
INFO|2025-07-16 12:02:41,790|compyle.ext_module|Precompiled code from: /Users/isa/.pysph/source/py3.13-macosx-10.13-universal2/m_df9b7c4c91345a280db40a9987544711.pyx
INFO|2025-07-16 12:02:41,792|pysph.solver.application|----------------------------------------------------------------------
No of particles:
  fluid: 16384
----------------------------------------------------------------------
INFO|2025-07-16 12:02:41,792|pysph.solver.application|Using kernel:
----------------------------------------------------------------------
  CubicSpline(dim=2)
----------------------------------------------------------------------
INFO|2025-07-16 12:02:41,792|pysph.solver.application|Using nnps:
----------------------------------------------------------------------
  LinkedListNNPS(dim=2)
----------------------------------------------------------------------
INFO|2025-07-16 12:02:41,792|pysph.solver.application|Using integrator:
----------------------------------------------------------------------
  EulerIntegrator(fluid=EulerStep())
----------------------------------------------------------------------
INFO|2025-07-16 12:02:41,792|pysph.solver.application|Using equations:
----------------------------------------------------------------------
[
Group(equations=[
    SummationDensity(dest='fluid', sources=['fluid'])
  ],
  real=True, update_nnps=False, iterate=False, max_iterations=1,
  min_iterations=0, start_idx=0, name='Group_0'),
Group(equations=[
    BiomassGrowth(dest='fluid', sources=None, r_growth=0.2, rho_max=1.0)
  ],
  real=True, update_nnps=False, iterate=False, max_iterations=1,
  min_iterations=0, start_idx=0, name='Group_1'),
Group(equations=[
    SurfactantProductionDecay(dest='fluid', sources=None, sigma=1.0,
    lambda_=0.1)
  ],
  real=True, update_nnps=False, iterate=False, max_iterations=1,
  min_iterations=0, start_idx=0, name='Group_2')
]
----------------------------------------------------------------------
INFO|2025-07-16 12:02:41,792|pysph.solver.application|Callbacks:
----------------------------------------------------------------------

INFO|2025-07-16 12:02:41,792|pysph.solver.application|Pre-step callbacks:
[]

INFO|2025-07-16 12:02:41,792|pysph.solver.application|Post-step callbacks:
[]

INFO|2025-07-16 12:02:41,792|pysph.solver.application|Post-stage callbacks:
[]
----------------------------------------------------------------------

INFO|2025-07-16 12:02:41,792|pysph.solver.application|Setup took: 0.02610 secs
INFO|2025-07-16 12:02:41,793|pysph.solver.solver|Writing output at time 0, iteration 0, dt = 0.001
INFO|2025-07-16 12:02:42,064|pysph.solver.solver|Writing output at time 0.1, iteration 100, dt = 0.001
INFO|2025-07-16 12:02:42,333|pysph.solver.solver|Writing output at time 0.2, iteration 200, dt = 0.001
INFO|2025-07-16 12:02:42,602|pysph.solver.solver|Writing output at time 0.3, iteration 300, dt = 0.001
INFO|2025-07-16 12:02:42,870|pysph.solver.solver|Writing output at time 0.4, iteration 400, dt = 0.001
INFO|2025-07-16 12:02:43,142|pysph.solver.solver|Writing output at time 0.5, iteration 500, dt = 0.001
INFO|2025-07-16 12:02:43,412|pysph.solver.solver|Writing output at time 0.6, iteration 600, dt = 0.001
INFO|2025-07-16 12:02:43,680|pysph.solver.solver|Writing output at time 0.7, iteration 700, dt = 0.001
INFO|2025-07-16 12:02:43,951|pysph.solver.solver|Writing output at time 0.8, iteration 800, dt = 0.001
INFO|2025-07-16 12:02:44,223|pysph.solver.solver|Writing output at time 0.9, iteration 900, dt = 0.001
INFO|2025-07-16 12:02:44,510|pysph.solver.solver|Writing output at time 1, iteration 1000, dt = 0.001
INFO|2025-07-16 12:02:44,511|pysph.solver.application|Run took: 2.71867 secs
INFO|2025-07-16 12:04:20,476|pysph.solver.application|Started as:
main.py
INFO|2025-07-16 12:04:20,477|pysph.solver.application|Running on Mac-mini-de-Isadora.local with address 127.0.0.1
INFO|2025-07-16 12:04:20,477|pysph.solver.application|Using OpenMP schedule dynamic,64
INFO|2025-07-16 12:04:20,481|pysph.solver.application|Generating output in /Users/isa/Documents/PhD/Code/sph/main_output
INFO|2025-07-16 12:04:20,496|compyle.ext_module|Compiling code at: /Users/isa/.pysph/source/py3.13-macosx-10.13-universal2/m_0c4f8a235e2134e152e49ebb0569753a.pyx
DEBUG|2025-07-16 12:04:20,505|root|No `name` configuration, performing automatic discovery
INFO|2025-07-16 12:04:20,505|root|running build_ext
INFO|2025-07-16 12:04:20,908|root|building 'm_0c4f8a235e2134e152e49ebb0569753a' extension
INFO|2025-07-16 12:04:20,909|root|clang++ -fno-strict-overflow -Wsign-compare -Wunreachable-code -fno-common -dynamic -DNDEBUG -g -O3 -Wall -arch arm64 -arch x86_64 -I/Users/isa/Documents/PhD/Code/sph/env/lib/python3.13/site-packages/numpy/_core/include -I/Users/isa/Documents/PhD/Code/sph/env/lib/python3.13/site-packages/pysph/base -I/Users/isa/Documents/PhD/Code/sph/env/include -I/Library/Frameworks/Python.framework/Versions/3.13/include/python3.13 -c /Users/isa/.pysph/source/py3.13-macosx-10.13-universal2/m_0c4f8a235e2134e152e49ebb0569753a.cpp -o /Users/isa/.pysph/source/py3.13-macosx-10.13-universal2/build/temp.macosx-10.13-universal2-cpython-313/Users/isa/.pysph/source/py3.13-macosx-10.13-universal2/m_0c4f8a235e2134e152e49ebb0569753a.o -O3
INFO|2025-07-16 12:04:24,125|root|clang++ -fno-strict-overflow -Wsign-compare -Wunreachable-code -fno-common -dynamic -DNDEBUG -g -O3 -Wall -arch arm64 -arch x86_64 -bundle -undefined dynamic_lookup -arch arm64 -arch x86_64 /Users/isa/.pysph/source/py3.13-macosx-10.13-universal2/build/temp.macosx-10.13-universal2-cpython-313/Users/isa/.pysph/source/py3.13-macosx-10.13-universal2/m_0c4f8a235e2134e152e49ebb0569753a.o -o /Users/isa/.pysph/source/py3.13-macosx-10.13-universal2/build/lib.macosx-10.13-universal2-cpython-313/m_0c4f8a235e2134e152e49ebb0569753a.cpython-313-darwin.so
INFO|2025-07-16 12:04:24,719|pysph.solver.application|----------------------------------------------------------------------
No of particles:
  fluid: 16384
----------------------------------------------------------------------
INFO|2025-07-16 12:04:24,719|pysph.solver.application|Using kernel:
----------------------------------------------------------------------
  CubicSpline(dim=2)
----------------------------------------------------------------------
INFO|2025-07-16 12:04:24,719|pysph.solver.application|Using nnps:
----------------------------------------------------------------------
  LinkedListNNPS(dim=2)
----------------------------------------------------------------------
INFO|2025-07-16 12:04:24,719|pysph.solver.application|Using integrator:
----------------------------------------------------------------------
  EulerIntegrator(fluid=EulerStep())
----------------------------------------------------------------------
INFO|2025-07-16 12:04:24,720|pysph.solver.application|Using equations:
----------------------------------------------------------------------
[
Group(equations=[
    SummationDensity(dest='fluid', sources=['fluid'])
  ],
  real=True, update_nnps=False, iterate=False, max_iterations=1,
  min_iterations=0, start_idx=0, name='Group_0'),
Group(equations=[
    BiomassGrowth(dest='fluid', sources=None, r_growth=0.2, rho_max=1.0)
  ],
  real=True, update_nnps=False, iterate=False, max_iterations=1,
  min_iterations=0, start_idx=0, name='Group_1'),
Group(equations=[
    SurfactantProductionDecay(dest='fluid', sources=None, sigma=1.0,
    lambda_=0.1)
  ],
  real=True, update_nnps=False, iterate=False, max_iterations=1,
  min_iterations=0, start_idx=0, name='Group_2'),
Group(equations=[
    SurfactantForceAndDrag(dest='fluid', sources=None, beta=0.5,
    gamma=10.0)
  ],
  real=True, update_nnps=False, iterate=False, max_iterations=1,
  min_iterations=0, start_idx=0, name='Group_3')
]
----------------------------------------------------------------------
INFO|2025-07-16 12:04:24,720|pysph.solver.application|Callbacks:
----------------------------------------------------------------------

INFO|2025-07-16 12:04:24,720|pysph.solver.application|Pre-step callbacks:
[]

INFO|2025-07-16 12:04:24,720|pysph.solver.application|Post-step callbacks:
[]

INFO|2025-07-16 12:04:24,720|pysph.solver.application|Post-stage callbacks:
[]
----------------------------------------------------------------------

INFO|2025-07-16 12:04:24,720|pysph.solver.application|Setup took: 4.25396 secs
INFO|2025-07-16 12:04:24,721|pysph.solver.solver|Writing output at time 0, iteration 0, dt = 0.001
INFO|2025-07-16 12:04:25,022|pysph.solver.solver|Writing output at time 0.1, iteration 100, dt = 0.001
INFO|2025-07-16 12:04:25,296|pysph.solver.solver|Writing output at time 0.2, iteration 200, dt = 0.001
INFO|2025-07-16 12:04:25,567|pysph.solver.solver|Writing output at time 0.3, iteration 300, dt = 0.001
INFO|2025-07-16 12:04:25,836|pysph.solver.solver|Writing output at time 0.4, iteration 400, dt = 0.001
INFO|2025-07-16 12:04:26,105|pysph.solver.solver|Writing output at time 0.5, iteration 500, dt = 0.001
INFO|2025-07-16 12:04:26,376|pysph.solver.solver|Writing output at time 0.6, iteration 600, dt = 0.001
INFO|2025-07-16 12:04:26,648|pysph.solver.solver|Writing output at time 0.7, iteration 700, dt = 0.001
INFO|2025-07-16 12:04:26,932|pysph.solver.solver|Writing output at time 0.8, iteration 800, dt = 0.001
INFO|2025-07-16 12:04:27,211|pysph.solver.solver|Writing output at time 0.9, iteration 900, dt = 0.001
INFO|2025-07-16 12:04:27,481|pysph.solver.solver|Writing output at time 1, iteration 1000, dt = 0.001
INFO|2025-07-16 12:04:27,482|pysph.solver.application|Run took: 2.76106 secs
INFO|2025-07-16 12:07:00,043|pysph.solver.application|Started as:
main.py
INFO|2025-07-16 12:07:00,043|pysph.solver.application|Running on Mac-mini-de-Isadora.local with address 127.0.0.1
INFO|2025-07-16 12:07:00,043|pysph.solver.application|Using OpenMP schedule dynamic,64
INFO|2025-07-16 12:07:18,829|pysph.solver.application|Started as:
main.py
INFO|2025-07-16 12:07:18,829|pysph.solver.application|Running on Mac-mini-de-Isadora.local with address 127.0.0.1
INFO|2025-07-16 12:07:18,829|pysph.solver.application|Using OpenMP schedule dynamic,64
INFO|2025-07-16 12:07:24,034|pysph.solver.application|Started as:
main.py
INFO|2025-07-16 12:07:24,034|pysph.solver.application|Running on Mac-mini-de-Isadora.local with address 127.0.0.1
INFO|2025-07-16 12:07:24,035|pysph.solver.application|Using OpenMP schedule dynamic,64
INFO|2025-07-16 12:07:24,036|pysph.solver.application|Generating output in /Users/isa/Documents/PhD/Code/sph/main_output
INFO|2025-07-16 12:07:24,052|compyle.ext_module|Compiling code at: /Users/isa/.pysph/source/py3.13-macosx-10.13-universal2/m_c1fd71e3276d5c77d8a0ed653056c87d.pyx
DEBUG|2025-07-16 12:07:24,060|root|No `name` configuration, performing automatic discovery
INFO|2025-07-16 12:07:24,060|root|running build_ext
INFO|2025-07-16 12:07:24,477|root|building 'm_c1fd71e3276d5c77d8a0ed653056c87d' extension
INFO|2025-07-16 12:07:24,478|root|clang++ -fno-strict-overflow -Wsign-compare -Wunreachable-code -fno-common -dynamic -DNDEBUG -g -O3 -Wall -arch arm64 -arch x86_64 -I/Users/isa/Documents/PhD/Code/sph/env/lib/python3.13/site-packages/numpy/_core/include -I/Users/isa/Documents/PhD/Code/sph/env/lib/python3.13/site-packages/pysph/base -I/Users/isa/Documents/PhD/Code/sph/env/include -I/Library/Frameworks/Python.framework/Versions/3.13/include/python3.13 -c /Users/isa/.pysph/source/py3.13-macosx-10.13-universal2/m_c1fd71e3276d5c77d8a0ed653056c87d.cpp -o /Users/isa/.pysph/source/py3.13-macosx-10.13-universal2/build/temp.macosx-10.13-universal2-cpython-313/Users/isa/.pysph/source/py3.13-macosx-10.13-universal2/m_c1fd71e3276d5c77d8a0ed653056c87d.o -O3
INFO|2025-07-16 12:07:27,753|root|clang++ -fno-strict-overflow -Wsign-compare -Wunreachable-code -fno-common -dynamic -DNDEBUG -g -O3 -Wall -arch arm64 -arch x86_64 -bundle -undefined dynamic_lookup -arch arm64 -arch x86_64 /Users/isa/.pysph/source/py3.13-macosx-10.13-universal2/build/temp.macosx-10.13-universal2-cpython-313/Users/isa/.pysph/source/py3.13-macosx-10.13-universal2/m_c1fd71e3276d5c77d8a0ed653056c87d.o -o /Users/isa/.pysph/source/py3.13-macosx-10.13-universal2/build/lib.macosx-10.13-universal2-cpython-313/m_c1fd71e3276d5c77d8a0ed653056c87d.cpython-313-darwin.so
INFO|2025-07-16 12:07:28,385|pysph.solver.application|----------------------------------------------------------------------
No of particles:
  fluid: 16384
----------------------------------------------------------------------
INFO|2025-07-16 12:07:28,385|pysph.solver.application|Using kernel:
----------------------------------------------------------------------
  CubicSpline(dim=2)
----------------------------------------------------------------------
INFO|2025-07-16 12:07:28,385|pysph.solver.application|Using nnps:
----------------------------------------------------------------------
  LinkedListNNPS(dim=2)
----------------------------------------------------------------------
INFO|2025-07-16 12:07:28,385|pysph.solver.application|Using integrator:
----------------------------------------------------------------------
  EulerIntegrator(fluid=EulerStep())
----------------------------------------------------------------------
INFO|2025-07-16 12:07:28,386|pysph.solver.application|Using equations:
----------------------------------------------------------------------
[
Group(equations=[
    SummationDensity(dest='fluid', sources=['fluid'])
  ],
  real=True, update_nnps=False, iterate=False, max_iterations=1,
  min_iterations=0, start_idx=0, name='Group_0'),
Group(equations=[
    BiomassGrowth(dest='fluid', sources=None, r_growth=0.2, rho_max=1.0)
  ],
  real=True, update_nnps=False, iterate=False, max_iterations=1,
  min_iterations=0, start_idx=0, name='Group_1'),
Group(equations=[
    SurfactantProductionDecay(dest='fluid', sources=None, sigma=1.0,
    lambda_=0.1)
  ],
  real=True, update_nnps=False, iterate=False, max_iterations=1,
  min_iterations=0, start_idx=0, name='Group_2'),
Group(equations=[
    SurfactantForceAndDrag(dest='fluid', sources=None, beta=0.5,
    gamma=10.0)
  ],
  real=True, update_nnps=False, iterate=False, max_iterations=1,
  min_iterations=0, start_idx=0, name='Group_3')
]
----------------------------------------------------------------------
INFO|2025-07-16 12:07:28,386|pysph.solver.application|Callbacks:
----------------------------------------------------------------------

INFO|2025-07-16 12:07:28,386|pysph.solver.application|Pre-step callbacks:
[]

INFO|2025-07-16 12:07:28,386|pysph.solver.application|Post-step callbacks:
[]

INFO|2025-07-16 12:07:28,386|pysph.solver.application|Post-stage callbacks:
[]
----------------------------------------------------------------------

INFO|2025-07-16 12:07:28,386|pysph.solver.application|Setup took: 4.35495 secs
INFO|2025-07-16 12:07:28,387|pysph.solver.solver|Writing output at time 0, iteration 0, dt = 0.001
INFO|2025-07-16 12:07:28,696|pysph.solver.solver|Writing output at time 0.1, iteration 100, dt = 0.001
INFO|2025-07-16 12:07:28,976|pysph.solver.solver|Writing output at time 0.2, iteration 200, dt = 0.001
INFO|2025-07-16 12:07:29,267|pysph.solver.solver|Writing output at time 0.3, iteration 300, dt = 0.001
INFO|2025-07-16 12:07:29,558|pysph.solver.solver|Writing output at time 0.4, iteration 400, dt = 0.001
INFO|2025-07-16 12:07:29,841|pysph.solver.solver|Writing output at time 0.5, iteration 500, dt = 0.001
INFO|2025-07-16 12:07:30,140|pysph.solver.solver|Writing output at time 0.6, iteration 600, dt = 0.001
INFO|2025-07-16 12:07:30,427|pysph.solver.solver|Writing output at time 0.7, iteration 700, dt = 0.001
INFO|2025-07-16 12:07:30,709|pysph.solver.solver|Writing output at time 0.8, iteration 800, dt = 0.001
INFO|2025-07-16 12:07:30,998|pysph.solver.solver|Writing output at time 0.9, iteration 900, dt = 0.001
INFO|2025-07-16 12:07:31,280|pysph.solver.solver|Writing output at time 1, iteration 1000, dt = 0.001
INFO|2025-07-16 12:07:31,281|pysph.solver.application|Run took: 2.89379 secs
INFO|2025-07-16 12:57:01,082|pysph.solver.application|Started as:
main.py
INFO|2025-07-16 12:57:01,082|pysph.solver.application|Running on Mac-mini-de-Isadora.local with address 127.0.0.1
INFO|2025-07-16 12:57:01,082|pysph.solver.application|Using OpenMP schedule dynamic,64
INFO|2025-07-16 12:57:14,728|pysph.solver.application|Started as:
main.py
INFO|2025-07-16 12:57:14,728|pysph.solver.application|Running on Mac-mini-de-Isadora.local with address 127.0.0.1
INFO|2025-07-16 12:57:14,728|pysph.solver.application|Using OpenMP schedule dynamic,64
INFO|2025-07-16 13:09:08,325|pysph.solver.application|Started as:
main.py
INFO|2025-07-16 13:09:08,333|pysph.solver.application|Running on Mac-mini-de-Isadora.local with address 127.0.0.1
INFO|2025-07-16 13:09:08,333|pysph.solver.application|Using OpenMP schedule dynamic,64
INFO|2025-07-16 13:42:04,049|pysph.solver.application|Started as:
main.py
INFO|2025-07-16 13:42:04,050|pysph.solver.application|Running on Mac-mini-de-Isadora.local with address 127.0.0.1
INFO|2025-07-16 13:42:04,050|pysph.solver.application|Using OpenMP schedule dynamic,64
INFO|2025-07-16 13:42:24,132|pysph.solver.application|Started as:
main.py
INFO|2025-07-16 13:42:24,132|pysph.solver.application|Running on Mac-mini-de-Isadora.local with address 127.0.0.1
INFO|2025-07-16 13:42:24,132|pysph.solver.application|Using OpenMP schedule dynamic,64
INFO|2025-07-16 13:43:28,535|pysph.solver.application|Started as:
main.py
INFO|2025-07-16 13:43:28,536|pysph.solver.application|Running on Mac-mini-de-Isadora.local with address 127.0.0.1
INFO|2025-07-16 13:43:28,536|pysph.solver.application|Using OpenMP schedule dynamic,64
INFO|2025-07-16 13:44:59,898|pysph.solver.application|Started as:
main.py
INFO|2025-07-16 13:44:59,898|pysph.solver.application|Running on Mac-mini-de-Isadora.local with address 127.0.0.1
INFO|2025-07-16 13:44:59,898|pysph.solver.application|Using OpenMP schedule dynamic,64
INFO|2025-07-16 13:44:59,900|pysph.solver.application|Generating output in /Users/isa/Documents/PhD/Code/sph/main_output
INFO|2025-07-16 13:44:59,924|compyle.ext_module|Compiling code at: /Users/isa/.pysph/source/py3.11-macosx-15.0-arm64/m_c1fd71e3276d5c77d8a0ed653056c87d.pyx
INFO|2025-07-16 13:45:06,293|pysph.solver.application|----------------------------------------------------------------------
No of particles:
  fluid: 16384
----------------------------------------------------------------------
INFO|2025-07-16 13:45:06,294|pysph.solver.application|Using kernel:
----------------------------------------------------------------------
  CubicSpline(dim=2)
----------------------------------------------------------------------
INFO|2025-07-16 13:45:06,294|pysph.solver.application|Using nnps:
----------------------------------------------------------------------
  LinkedListNNPS(dim=2)
----------------------------------------------------------------------
INFO|2025-07-16 13:45:06,294|pysph.solver.application|Using integrator:
----------------------------------------------------------------------
  EulerIntegrator(fluid=EulerStep())
----------------------------------------------------------------------
INFO|2025-07-16 13:45:06,294|pysph.solver.application|Using equations:
----------------------------------------------------------------------
[
Group(equations=[
    SummationDensity(dest='fluid', sources=['fluid'])
  ],
  real=True, update_nnps=False, iterate=False, max_iterations=1,
  min_iterations=0, start_idx=0, name='Group_0'),
Group(equations=[
    BiomassGrowth(dest='fluid', sources=None, r_growth=0.2, rho_max=1.0)
  ],
  real=True, update_nnps=False, iterate=False, max_iterations=1,
  min_iterations=0, start_idx=0, name='Group_1'),
Group(equations=[
    SurfactantProductionDecay(dest='fluid', sources=None, sigma=1.0,
    lambda_=0.1)
  ],
  real=True, update_nnps=False, iterate=False, max_iterations=1,
  min_iterations=0, start_idx=0, name='Group_2'),
Group(equations=[
    SurfactantForceAndDrag(dest='fluid', sources=None, beta=0.5,
    gamma=10.0)
  ],
  real=True, update_nnps=False, iterate=False, max_iterations=1,
  min_iterations=0, start_idx=0, name='Group_3')
]
----------------------------------------------------------------------
INFO|2025-07-16 13:45:06,294|pysph.solver.application|Callbacks:
----------------------------------------------------------------------

INFO|2025-07-16 13:45:06,294|pysph.solver.application|Pre-step callbacks:
[]

INFO|2025-07-16 13:45:06,294|pysph.solver.application|Post-step callbacks:
[]

INFO|2025-07-16 13:45:06,294|pysph.solver.application|Post-stage callbacks:
[]
----------------------------------------------------------------------

INFO|2025-07-16 13:45:06,294|pysph.solver.application|Setup took: 6.40974 secs
INFO|2025-07-16 13:45:06,295|pysph.solver.solver|Writing output at time 0, iteration 0, dt = 0.001
INFO|2025-07-16 13:45:06,590|pysph.solver.solver|Writing output at time 0.1, iteration 100, dt = 0.001
INFO|2025-07-16 13:45:06,871|pysph.solver.solver|Writing output at time 0.2, iteration 200, dt = 0.001
INFO|2025-07-16 13:45:07,155|pysph.solver.solver|Writing output at time 0.3, iteration 300, dt = 0.001
INFO|2025-07-16 13:45:07,441|pysph.solver.solver|Writing output at time 0.4, iteration 400, dt = 0.001
INFO|2025-07-16 13:45:07,724|pysph.solver.solver|Writing output at time 0.5, iteration 500, dt = 0.001
INFO|2025-07-16 13:45:08,008|pysph.solver.solver|Writing output at time 0.6, iteration 600, dt = 0.001
INFO|2025-07-16 13:45:08,291|pysph.solver.solver|Writing output at time 0.7, iteration 700, dt = 0.001
INFO|2025-07-16 13:45:08,573|pysph.solver.solver|Writing output at time 0.8, iteration 800, dt = 0.001
INFO|2025-07-16 13:45:08,857|pysph.solver.solver|Writing output at time 0.9, iteration 900, dt = 0.001
INFO|2025-07-16 13:45:09,140|pysph.solver.solver|Writing output at time 1, iteration 1000, dt = 0.001
INFO|2025-07-16 13:45:09,142|pysph.solver.application|Run took: 2.84712 secs
INFO|2025-07-16 17:13:51,485|pysph.solver.application|Started as:
main.py
INFO|2025-07-16 17:13:51,485|pysph.solver.application|Running on 8f9784c690bb with address 172.17.0.2
INFO|2025-07-16 17:13:51,485|pysph.solver.application|Using OpenMP schedule dynamic,64
INFO|2025-07-16 17:13:51,488|pysph.solver.application|Generating output in /app/main_output
INFO|2025-07-16 17:13:51,508|compyle.ext_module|Compiling code at: /root/.pysph/source/py3.10-linux-aarch64/m_c1fd71e3276d5c77d8a0ed653056c87d.pyx
INFO|2025-07-16 17:13:55,722|pysph.solver.application|----------------------------------------------------------------------
No of particles:
  fluid: 16384
----------------------------------------------------------------------
INFO|2025-07-16 17:13:55,722|pysph.solver.application|Using kernel:
----------------------------------------------------------------------
  CubicSpline(dim=2)
----------------------------------------------------------------------
INFO|2025-07-16 17:13:55,723|pysph.solver.application|Using nnps:
----------------------------------------------------------------------
  LinkedListNNPS(dim=2)
----------------------------------------------------------------------
INFO|2025-07-16 17:13:55,723|pysph.solver.application|Using integrator:
----------------------------------------------------------------------
  EulerIntegrator(fluid=EulerStep())
----------------------------------------------------------------------
INFO|2025-07-16 17:13:55,723|pysph.solver.application|Using equations:
----------------------------------------------------------------------
[
Group(equations=[
    SummationDensity(dest='fluid', sources=['fluid'])
  ],
  real=True, update_nnps=False, iterate=False, max_iterations=1,
  min_iterations=0, start_idx=0, name='Group_0'),
Group(equations=[
    BiomassGrowth(dest='fluid', sources=None, r_growth=0.2, rho_max=1.0)
  ],
  real=True, update_nnps=False, iterate=False, max_iterations=1,
  min_iterations=0, start_idx=0, name='Group_1'),
Group(equations=[
    SurfactantProductionDecay(dest='fluid', sources=None, sigma=1.0,
    lambda_=0.1)
  ],
  real=True, update_nnps=False, iterate=False, max_iterations=1,
  min_iterations=0, start_idx=0, name='Group_2'),
Group(equations=[
    SurfactantForceAndDrag(dest='fluid', sources=None, beta=0.5,
    gamma=10.0)
  ],
  real=True, update_nnps=False, iterate=False, max_iterations=1,
  min_iterations=0, start_idx=0, name='Group_3')
]
----------------------------------------------------------------------
INFO|2025-07-16 17:13:55,723|pysph.solver.application|Callbacks:
----------------------------------------------------------------------

INFO|2025-07-16 17:13:55,723|pysph.solver.application|Pre-step callbacks:
[]

INFO|2025-07-16 17:13:55,723|pysph.solver.application|Post-step callbacks:
[]

INFO|2025-07-16 17:13:55,723|pysph.solver.application|Post-stage callbacks:
[]
----------------------------------------------------------------------

INFO|2025-07-16 17:13:55,723|pysph.solver.application|Setup took: 4.24095 secs
INFO|2025-07-16 17:13:55,724|pysph.solver.solver|Writing output at time 0, iteration 0, dt = 0.001
INFO|2025-07-16 17:13:56,042|pysph.solver.solver|Writing output at time 0.1, iteration 100, dt = 0.001
INFO|2025-07-16 17:13:56,362|pysph.solver.solver|Writing output at time 0.2, iteration 200, dt = 0.001
INFO|2025-07-16 17:13:56,663|pysph.solver.solver|Writing output at time 0.3, iteration 300, dt = 0.001
INFO|2025-07-16 17:13:56,967|pysph.solver.solver|Writing output at time 0.4, iteration 400, dt = 0.001
INFO|2025-07-16 17:13:57,269|pysph.solver.solver|Writing output at time 0.5, iteration 500, dt = 0.001
INFO|2025-07-16 17:13:57,568|pysph.solver.solver|Writing output at time 0.6, iteration 600, dt = 0.001
INFO|2025-07-16 17:13:57,867|pysph.solver.solver|Writing output at time 0.7, iteration 700, dt = 0.001
INFO|2025-07-16 17:13:58,167|pysph.solver.solver|Writing output at time 0.8, iteration 800, dt = 0.001
INFO|2025-07-16 17:13:58,467|pysph.solver.solver|Writing output at time 0.9, iteration 900, dt = 0.001
INFO|2025-07-16 17:13:58,766|pysph.solver.solver|Writing output at time 1, iteration 1000, dt = 0.001
INFO|2025-07-16 17:13:58,773|pysph.solver.application|Run took: 3.04909 secs
INFO|2025-07-16 16:03:43,799|pysph.solver.application|Started as:
main.py
INFO|2025-07-16 16:03:43,799|pysph.solver.application|Running on Mac-mini-de-Isadora.local with address 127.0.0.1
INFO|2025-07-16 16:03:43,799|pysph.solver.application|Using OpenMP schedule dynamic,64
INFO|2025-07-16 16:04:41,027|pysph.solver.application|Started as:
main.py
INFO|2025-07-16 16:04:41,027|pysph.solver.application|Running on Mac-mini-de-Isadora.local with address 127.0.0.1
INFO|2025-07-16 16:04:41,027|pysph.solver.application|Using OpenMP schedule dynamic,64
INFO|2025-07-16 16:06:40,066|pysph.solver.application|Started as:
main.py
INFO|2025-07-16 16:06:40,066|pysph.solver.application|Running on Mac-mini-de-Isadora.local with address 127.0.0.1
INFO|2025-07-16 16:06:40,066|pysph.solver.application|Using OpenMP schedule dynamic,64
INFO|2025-07-16 16:06:46,996|pysph.solver.application|Started as:
main.py
INFO|2025-07-16 16:06:46,996|pysph.solver.application|Running on Mac-mini-de-Isadora.local with address 127.0.0.1
INFO|2025-07-16 16:06:46,996|pysph.solver.application|Using OpenMP schedule dynamic,64
INFO|2025-07-16 16:11:49,566|pysph.solver.application|Started as:
main.py
INFO|2025-07-16 16:11:49,566|pysph.solver.application|Running on Mac-mini-de-Isadora.local with address 127.0.0.1
INFO|2025-07-16 16:11:49,566|pysph.solver.application|Using OpenMP schedule dynamic,64
INFO|2025-07-23 14:03:11,554|pysph.solver.application|Started as:
main.py
INFO|2025-07-23 14:03:11,554|pysph.solver.application|Running on Mac-mini-de-Isadora.local with address 127.0.0.1
INFO|2025-07-23 14:03:11,554|pysph.solver.application|Using OpenMP schedule dynamic,64
INFO|2025-07-23 14:03:11,559|pysph.solver.application|Generating output in /Users/isa/Documents/PhD/Code/sph/main_output
INFO|2025-07-23 14:03:11,580|compyle.ext_module|Compiling code at: /Users/isa/.pysph/source/py3.10-macosx-11.1-arm64/m_c1fd71e3276d5c77d8a0ed653056c87d.pyx
DEBUG|2025-07-23 14:03:11,613|root|No `name` configuration, performing automatic discovery
INFO|2025-07-23 14:03:11,613|root|running build_ext
INFO|2025-07-23 14:03:12,406|root|building 'm_c1fd71e3276d5c77d8a0ed653056c87d' extension
INFO|2025-07-23 14:03:12,407|root|clang++ -Wno-unused-result -Wsign-compare -Wunreachable-code -DNDEBUG -fwrapv -O2 -Wall -fPIC -O2 -isystem /opt/homebrew/Caskroom/miniconda/base/envs/pysph_env/include -arch arm64 -fPIC -O2 -isystem /opt/homebrew/Caskroom/miniconda/base/envs/pysph_env/include -arch arm64 -I/opt/homebrew/Caskroom/miniconda/base/envs/pysph_env/lib/python3.10/site-packages/numpy/_core/include -I/opt/homebrew/Caskroom/miniconda/base/envs/pysph_env/lib/python3.10/site-packages/pysph/base -I/opt/homebrew/Caskroom/miniconda/base/envs/pysph_env/include/python3.10 -c /Users/isa/.pysph/source/py3.10-macosx-11.1-arm64/m_c1fd71e3276d5c77d8a0ed653056c87d.cpp -o /Users/isa/.pysph/source/py3.10-macosx-11.1-arm64/build/temp.macosx-11.1-arm64-cpython-310/Users/isa/.pysph/source/py3.10-macosx-11.1-arm64/m_c1fd71e3276d5c77d8a0ed653056c87d.o -O3
INFO|2025-07-23 14:03:13,901|root|clang++ -Wno-unused-result -Wsign-compare -Wunreachable-code -DNDEBUG -fwrapv -O2 -Wall -fPIC -O2 -isystem /opt/homebrew/Caskroom/miniconda/base/envs/pysph_env/include -arch arm64 -fPIC -O2 -isystem /opt/homebrew/Caskroom/miniconda/base/envs/pysph_env/include -arch arm64 -bundle -undefined dynamic_lookup /Users/isa/.pysph/source/py3.10-macosx-11.1-arm64/build/temp.macosx-11.1-arm64-cpython-310/Users/isa/.pysph/source/py3.10-macosx-11.1-arm64/m_c1fd71e3276d5c77d8a0ed653056c87d.o -o /Users/isa/.pysph/source/py3.10-macosx-11.1-arm64/build/lib.macosx-11.1-arm64-cpython-310/m_c1fd71e3276d5c77d8a0ed653056c87d.cpython-310-darwin.so
INFO|2025-07-23 14:03:14,390|pysph.solver.application|----------------------------------------------------------------------
No of particles:
  fluid: 16384
----------------------------------------------------------------------
INFO|2025-07-23 14:03:14,391|pysph.solver.application|Using kernel:
----------------------------------------------------------------------
  CubicSpline(dim=2)
----------------------------------------------------------------------
INFO|2025-07-23 14:03:14,391|pysph.solver.application|Using nnps:
----------------------------------------------------------------------
  LinkedListNNPS(dim=2)
----------------------------------------------------------------------
INFO|2025-07-23 14:03:14,391|pysph.solver.application|Using integrator:
----------------------------------------------------------------------
  EulerIntegrator(fluid=EulerStep())
----------------------------------------------------------------------
INFO|2025-07-23 14:03:14,392|pysph.solver.application|Using equations:
----------------------------------------------------------------------
[
Group(equations=[
    SummationDensity(dest='fluid', sources=['fluid'])
  ],
  real=True, update_nnps=False, iterate=False, max_iterations=1,
  min_iterations=0, start_idx=0, name='Group_0'),
Group(equations=[
    BiomassGrowth(dest='fluid', sources=None, r_growth=0.2, rho_max=1.0)
  ],
  real=True, update_nnps=False, iterate=False, max_iterations=1,
  min_iterations=0, start_idx=0, name='Group_1'),
Group(equations=[
    SurfactantProductionDecay(dest='fluid', sources=None, sigma=1.0,
    lambda_=0.1)
  ],
  real=True, update_nnps=False, iterate=False, max_iterations=1,
  min_iterations=0, start_idx=0, name='Group_2'),
Group(equations=[
    SurfactantForceAndDrag(dest='fluid', sources=None, beta=0.5,
    gamma=10.0)
  ],
  real=True, update_nnps=False, iterate=False, max_iterations=1,
  min_iterations=0, start_idx=0, name='Group_3')
]
----------------------------------------------------------------------
INFO|2025-07-23 14:03:14,392|pysph.solver.application|Callbacks:
----------------------------------------------------------------------

INFO|2025-07-23 14:03:14,392|pysph.solver.application|Pre-step callbacks:
[]

INFO|2025-07-23 14:03:14,392|pysph.solver.application|Post-step callbacks:
[]

INFO|2025-07-23 14:03:14,392|pysph.solver.application|Post-stage callbacks:
[]
----------------------------------------------------------------------

INFO|2025-07-23 14:03:14,392|pysph.solver.application|Setup took: 2.84247 secs
INFO|2025-07-23 14:03:14,394|pysph.solver.solver|Writing output at time 0, iteration 0, dt = 0.001
INFO|2025-07-23 14:03:14,718|pysph.solver.solver|Writing output at time 0.1, iteration 100, dt = 0.001
INFO|2025-07-23 14:03:15,004|pysph.solver.solver|Writing output at time 0.2, iteration 200, dt = 0.001
INFO|2025-07-23 14:03:15,292|pysph.solver.solver|Writing output at time 0.3, iteration 300, dt = 0.001
INFO|2025-07-23 14:03:15,580|pysph.solver.solver|Writing output at time 0.4, iteration 400, dt = 0.001
INFO|2025-07-23 14:03:15,867|pysph.solver.solver|Writing output at time 0.5, iteration 500, dt = 0.001
INFO|2025-07-23 14:03:16,155|pysph.solver.solver|Writing output at time 0.6, iteration 600, dt = 0.001
INFO|2025-07-23 14:03:16,442|pysph.solver.solver|Writing output at time 0.7, iteration 700, dt = 0.001
INFO|2025-07-23 14:03:16,728|pysph.solver.solver|Writing output at time 0.8, iteration 800, dt = 0.001
INFO|2025-07-23 14:03:17,016|pysph.solver.solver|Writing output at time 0.9, iteration 900, dt = 0.001
INFO|2025-07-23 14:03:17,303|pysph.solver.solver|Writing output at time 1, iteration 1000, dt = 0.001
INFO|2025-07-23 14:03:17,304|pysph.solver.application|Run took: 2.91052 secs
INFO|2025-07-23 14:51:24,675|pysph.solver.application|Started as:
main.py
INFO|2025-07-23 14:51:24,675|pysph.solver.application|Running on Mac-mini-de-Isadora.local with address 127.0.0.1
INFO|2025-07-23 14:51:24,675|pysph.solver.application|Using OpenMP schedule dynamic,64
INFO|2025-07-23 14:52:41,645|pysph.solver.application|Started as:
main.py
INFO|2025-07-23 14:52:41,645|pysph.solver.application|Running on Mac-mini-de-Isadora.local with address 127.0.0.1
INFO|2025-07-23 14:52:41,645|pysph.solver.application|Using OpenMP schedule dynamic,64
INFO|2025-07-23 14:52:52,973|pysph.solver.application|Started as:
main.py
INFO|2025-07-23 14:52:52,973|pysph.solver.application|Running on Mac-mini-de-Isadora.local with address 127.0.0.1
INFO|2025-07-23 14:52:52,973|pysph.solver.application|Using OpenMP schedule dynamic,64
INFO|2025-07-23 14:53:15,091|pysph.solver.application|Started as:
main.py
INFO|2025-07-23 14:53:15,091|pysph.solver.application|Running on Mac-mini-de-Isadora.local with address 127.0.0.1
INFO|2025-07-23 14:53:15,091|pysph.solver.application|Using OpenMP schedule dynamic,64
INFO|2025-07-23 14:55:07,255|pysph.solver.application|Started as:
main.py
INFO|2025-07-23 14:55:07,255|pysph.solver.application|Running on Mac-mini-de-Isadora.local with address 127.0.0.1
INFO|2025-07-23 14:55:07,255|pysph.solver.application|Using OpenMP schedule dynamic,64
INFO|2025-07-23 14:55:07,263|pysph.solver.application|Generating output in /Users/isa/Documents/PhD/Code/sph/main_output
INFO|2025-07-23 14:55:07,281|compyle.ext_module|Precompiled code from: /Users/isa/.pysph/source/py3.10-macosx-11.1-arm64/m_c1fd71e3276d5c77d8a0ed653056c87d.pyx
INFO|2025-07-23 14:55:07,285|pysph.solver.application|----------------------------------------------------------------------
No of particles:
  fluid: 16384
----------------------------------------------------------------------
INFO|2025-07-23 14:55:07,285|pysph.solver.application|Using kernel:
----------------------------------------------------------------------
  CubicSpline(dim=2)
----------------------------------------------------------------------
INFO|2025-07-23 14:55:07,285|pysph.solver.application|Using nnps:
----------------------------------------------------------------------
  LinkedListNNPS(dim=2)
----------------------------------------------------------------------
INFO|2025-07-23 14:55:07,285|pysph.solver.application|Using integrator:
----------------------------------------------------------------------
  EulerIntegrator(fluid=EulerStep())
----------------------------------------------------------------------
INFO|2025-07-23 14:55:07,286|pysph.solver.application|Using equations:
----------------------------------------------------------------------
[
Group(equations=[
    SummationDensity(dest='fluid', sources=['fluid'])
  ],
  real=True, update_nnps=False, iterate=False, max_iterations=1,
  min_iterations=0, start_idx=0, name='Group_0'),
Group(equations=[
    BiomassGrowth(dest='fluid', sources=None, r_growth=0.2, rho_max=1.0)
  ],
  real=True, update_nnps=False, iterate=False, max_iterations=1,
  min_iterations=0, start_idx=0, name='Group_1'),
Group(equations=[
    SurfactantProductionDecay(dest='fluid', sources=None, sigma=1.0,
    lambda_=0.1)
  ],
  real=True, update_nnps=False, iterate=False, max_iterations=1,
  min_iterations=0, start_idx=0, name='Group_2'),
Group(equations=[
    SurfactantForceAndDrag(dest='fluid', sources=None, beta=0.5,
    gamma=10.0)
  ],
  real=True, update_nnps=False, iterate=False, max_iterations=1,
  min_iterations=0, start_idx=0, name='Group_3')
]
----------------------------------------------------------------------
INFO|2025-07-23 14:55:07,286|pysph.solver.application|Callbacks:
----------------------------------------------------------------------

INFO|2025-07-23 14:55:07,286|pysph.solver.application|Pre-step callbacks:
[]

INFO|2025-07-23 14:55:07,286|pysph.solver.application|Post-step callbacks:
[<bound method BiomassSurfactantApp.post_step of <__main__.BiomassSurfactantApp object at 0x102933a60>>]

INFO|2025-07-23 14:55:07,286|pysph.solver.application|Post-stage callbacks:
[]
----------------------------------------------------------------------

INFO|2025-07-23 14:55:07,286|pysph.solver.application|Setup took: 0.03317 secs
INFO|2025-07-23 14:55:07,286|pysph.solver.solver|Writing output at time 0, iteration 0, dt = 0.001
INFO|2025-07-23 14:56:42,318|pysph.solver.application|Started as:
main.py
INFO|2025-07-23 14:56:42,318|pysph.solver.application|Running on Mac-mini-de-Isadora.local with address 127.0.0.1
INFO|2025-07-23 14:56:42,318|pysph.solver.application|Using OpenMP schedule dynamic,64
INFO|2025-07-23 14:56:42,323|pysph.solver.application|Generating output in /Users/isa/Documents/PhD/Code/sph/main_output
INFO|2025-07-23 14:56:42,343|compyle.ext_module|Precompiled code from: /Users/isa/.pysph/source/py3.10-macosx-11.1-arm64/m_c1fd71e3276d5c77d8a0ed653056c87d.pyx
INFO|2025-07-23 14:56:42,348|pysph.solver.application|----------------------------------------------------------------------
No of particles:
  fluid: 16384
----------------------------------------------------------------------
INFO|2025-07-23 14:56:42,348|pysph.solver.application|Using kernel:
----------------------------------------------------------------------
  CubicSpline(dim=2)
----------------------------------------------------------------------
INFO|2025-07-23 14:56:42,348|pysph.solver.application|Using nnps:
----------------------------------------------------------------------
  LinkedListNNPS(dim=2)
----------------------------------------------------------------------
INFO|2025-07-23 14:56:42,348|pysph.solver.application|Using integrator:
----------------------------------------------------------------------
  EulerIntegrator(fluid=EulerStep())
----------------------------------------------------------------------
INFO|2025-07-23 14:56:42,349|pysph.solver.application|Using equations:
----------------------------------------------------------------------
[
Group(equations=[
    SummationDensity(dest='fluid', sources=['fluid'])
  ],
  real=True, update_nnps=False, iterate=False, max_iterations=1,
  min_iterations=0, start_idx=0, name='Group_0'),
Group(equations=[
    BiomassGrowth(dest='fluid', sources=None, r_growth=0.2, rho_max=1.0)
  ],
  real=True, update_nnps=False, iterate=False, max_iterations=1,
  min_iterations=0, start_idx=0, name='Group_1'),
Group(equations=[
    SurfactantProductionDecay(dest='fluid', sources=None, sigma=1.0,
    lambda_=0.1)
  ],
  real=True, update_nnps=False, iterate=False, max_iterations=1,
  min_iterations=0, start_idx=0, name='Group_2'),
Group(equations=[
    SurfactantForceAndDrag(dest='fluid', sources=None, beta=0.5,
    gamma=10.0)
  ],
  real=True, update_nnps=False, iterate=False, max_iterations=1,
  min_iterations=0, start_idx=0, name='Group_3')
]
----------------------------------------------------------------------
INFO|2025-07-23 14:56:42,349|pysph.solver.application|Callbacks:
----------------------------------------------------------------------

INFO|2025-07-23 14:56:42,349|pysph.solver.application|Pre-step callbacks:
[]

INFO|2025-07-23 14:56:42,349|pysph.solver.application|Post-step callbacks:
[<bound method BiomassSurfactantApp.post_step of <__main__.BiomassSurfactantApp object at 0x104fffa60>>]

INFO|2025-07-23 14:56:42,349|pysph.solver.application|Post-stage callbacks:
[]
----------------------------------------------------------------------

INFO|2025-07-23 14:56:42,349|pysph.solver.application|Setup took: 0.03382 secs
INFO|2025-07-23 14:56:42,349|pysph.solver.solver|Writing output at time 0, iteration 0, dt = 0.001
INFO|2025-07-23 14:56:42,872|pysph.solver.solver|Writing output at time 0.1, iteration 100, dt = 0.001
INFO|2025-07-23 14:56:43,291|pysph.solver.solver|Writing output at time 0.2, iteration 200, dt = 0.001
INFO|2025-07-23 14:56:43,719|pysph.solver.solver|Writing output at time 0.3, iteration 300, dt = 0.001
INFO|2025-07-23 14:56:44,146|pysph.solver.solver|Writing output at time 0.4, iteration 400, dt = 0.001
INFO|2025-07-23 14:56:44,638|pysph.solver.solver|Writing output at time 0.5, iteration 500, dt = 0.001
INFO|2025-07-23 14:56:45,075|pysph.solver.solver|Writing output at time 0.6, iteration 600, dt = 0.001
INFO|2025-07-23 14:56:45,513|pysph.solver.solver|Writing output at time 0.7, iteration 700, dt = 0.001
INFO|2025-07-23 14:56:45,958|pysph.solver.solver|Writing output at time 0.8, iteration 800, dt = 0.001
INFO|2025-07-23 14:56:46,402|pysph.solver.solver|Writing output at time 0.9, iteration 900, dt = 0.001
INFO|2025-07-23 14:56:46,863|pysph.solver.solver|Writing output at time 1, iteration 1000, dt = 0.001
INFO|2025-07-23 14:56:47,364|pysph.solver.solver|Writing output at time 1.1, iteration 1100, dt = 0.001
INFO|2025-07-23 14:56:47,841|pysph.solver.solver|Writing output at time 1.2, iteration 1200, dt = 0.001
INFO|2025-07-23 14:56:48,326|pysph.solver.solver|Writing output at time 1.3, iteration 1300, dt = 0.001
INFO|2025-07-23 14:56:48,819|pysph.solver.solver|Writing output at time 1.4, iteration 1400, dt = 0.001
INFO|2025-07-23 14:56:49,312|pysph.solver.solver|Writing output at time 1.5, iteration 1500, dt = 0.001
INFO|2025-07-23 14:56:49,810|pysph.solver.solver|Writing output at time 1.6, iteration 1600, dt = 0.001
INFO|2025-07-23 14:56:50,307|pysph.solver.solver|Writing output at time 1.7, iteration 1700, dt = 0.001
INFO|2025-07-23 14:56:50,815|pysph.solver.solver|Writing output at time 1.8, iteration 1800, dt = 0.001
INFO|2025-07-23 14:56:51,333|pysph.solver.solver|Writing output at time 1.9, iteration 1900, dt = 0.001
INFO|2025-07-23 14:56:51,858|pysph.solver.solver|Writing output at time 2, iteration 2000, dt = 0.001
INFO|2025-07-23 14:56:52,392|pysph.solver.solver|Writing output at time 2.1, iteration 2100, dt = 0.001
INFO|2025-07-23 14:56:52,934|pysph.solver.solver|Writing output at time 2.2, iteration 2200, dt = 0.001
INFO|2025-07-23 14:56:53,484|pysph.solver.solver|Writing output at time 2.3, iteration 2300, dt = 0.001
INFO|2025-07-23 14:56:54,043|pysph.solver.solver|Writing output at time 2.4, iteration 2400, dt = 0.001
INFO|2025-07-23 14:56:54,611|pysph.solver.solver|Writing output at time 2.5, iteration 2500, dt = 0.001
INFO|2025-07-23 14:56:55,182|pysph.solver.solver|Writing output at time 2.6, iteration 2600, dt = 0.001
INFO|2025-07-23 14:56:55,765|pysph.solver.solver|Writing output at time 2.7, iteration 2700, dt = 0.001
INFO|2025-07-23 14:56:56,346|pysph.solver.solver|Writing output at time 2.8, iteration 2800, dt = 0.001
INFO|2025-07-23 14:56:56,931|pysph.solver.solver|Writing output at time 2.9, iteration 2900, dt = 0.001
INFO|2025-07-23 14:56:57,524|pysph.solver.solver|Writing output at time 3, iteration 3000, dt = 0.001
INFO|2025-07-23 14:56:58,121|pysph.solver.solver|Writing output at time 3.1, iteration 3100, dt = 0.001
INFO|2025-07-23 14:56:58,731|pysph.solver.solver|Writing output at time 3.2, iteration 3200, dt = 0.001
INFO|2025-07-23 14:56:59,340|pysph.solver.solver|Writing output at time 3.3, iteration 3300, dt = 0.001
INFO|2025-07-23 14:56:59,952|pysph.solver.solver|Writing output at time 3.4, iteration 3400, dt = 0.001
INFO|2025-07-23 14:57:00,575|pysph.solver.solver|Writing output at time 3.5, iteration 3500, dt = 0.001
INFO|2025-07-23 14:57:01,196|pysph.solver.solver|Writing output at time 3.6, iteration 3600, dt = 0.001
INFO|2025-07-23 14:57:01,816|pysph.solver.solver|Writing output at time 3.7, iteration 3700, dt = 0.001
INFO|2025-07-23 14:57:02,437|pysph.solver.solver|Writing output at time 3.8, iteration 3800, dt = 0.001
INFO|2025-07-23 14:57:03,064|pysph.solver.solver|Writing output at time 3.9, iteration 3900, dt = 0.001
INFO|2025-07-23 14:57:03,685|pysph.solver.solver|Writing output at time 4, iteration 4000, dt = 0.001
INFO|2025-07-23 14:57:04,313|pysph.solver.solver|Writing output at time 4.1, iteration 4100, dt = 0.001
INFO|2025-07-23 14:57:04,941|pysph.solver.solver|Writing output at time 4.2, iteration 4200, dt = 0.001
INFO|2025-07-23 14:57:05,572|pysph.solver.solver|Writing output at time 4.3, iteration 4300, dt = 0.001
INFO|2025-07-23 14:57:06,197|pysph.solver.solver|Writing output at time 4.4, iteration 4400, dt = 0.001
INFO|2025-07-23 14:57:06,831|pysph.solver.solver|Writing output at time 4.5, iteration 4500, dt = 0.001
INFO|2025-07-23 14:57:07,474|pysph.solver.solver|Writing output at time 4.6, iteration 4600, dt = 0.001
INFO|2025-07-23 14:57:08,108|pysph.solver.solver|Writing output at time 4.7, iteration 4700, dt = 0.001
INFO|2025-07-23 14:57:08,747|pysph.solver.solver|Writing output at time 4.8, iteration 4800, dt = 0.001
INFO|2025-07-23 14:57:09,387|pysph.solver.solver|Writing output at time 4.9, iteration 4900, dt = 0.001
INFO|2025-07-23 14:57:10,040|pysph.solver.solver|Writing output at time 5, iteration 5000, dt = 0.001
INFO|2025-07-23 14:57:10,695|pysph.solver.solver|Writing output at time 5.1, iteration 5100, dt = 0.001
INFO|2025-07-23 14:57:11,356|pysph.solver.solver|Writing output at time 5.2, iteration 5200, dt = 0.001
INFO|2025-07-23 14:57:12,022|pysph.solver.solver|Writing output at time 5.3, iteration 5300, dt = 0.001
INFO|2025-07-23 14:57:12,689|pysph.solver.solver|Writing output at time 5.4, iteration 5400, dt = 0.001
INFO|2025-07-23 14:57:13,357|pysph.solver.solver|Writing output at time 5.5, iteration 5500, dt = 0.001
INFO|2025-07-23 14:57:14,026|pysph.solver.solver|Writing output at time 5.6, iteration 5600, dt = 0.001
INFO|2025-07-23 14:57:14,704|pysph.solver.solver|Writing output at time 5.7, iteration 5700, dt = 0.001
INFO|2025-07-23 14:57:15,385|pysph.solver.solver|Writing output at time 5.8, iteration 5800, dt = 0.001
INFO|2025-07-23 14:57:16,070|pysph.solver.solver|Writing output at time 5.9, iteration 5900, dt = 0.001
INFO|2025-07-23 14:57:16,766|pysph.solver.solver|Writing output at time 6, iteration 6000, dt = 0.001
INFO|2025-07-23 14:57:17,455|pysph.solver.solver|Writing output at time 6.1, iteration 6100, dt = 0.001
INFO|2025-07-23 14:57:18,149|pysph.solver.solver|Writing output at time 6.2, iteration 6200, dt = 0.001
INFO|2025-07-23 14:57:18,854|pysph.solver.solver|Writing output at time 6.3, iteration 6300, dt = 0.001
INFO|2025-07-23 14:57:19,562|pysph.solver.solver|Writing output at time 6.4, iteration 6400, dt = 0.001
INFO|2025-07-23 14:57:20,268|pysph.solver.solver|Writing output at time 6.5, iteration 6500, dt = 0.001
INFO|2025-07-23 14:57:20,983|pysph.solver.solver|Writing output at time 6.6, iteration 6600, dt = 0.001
INFO|2025-07-23 14:57:21,699|pysph.solver.solver|Writing output at time 6.7, iteration 6700, dt = 0.001
INFO|2025-07-23 14:57:22,415|pysph.solver.solver|Writing output at time 6.8, iteration 6800, dt = 0.001
INFO|2025-07-23 14:57:23,136|pysph.solver.solver|Writing output at time 6.9, iteration 6900, dt = 0.001
INFO|2025-07-23 14:57:23,864|pysph.solver.solver|Writing output at time 7, iteration 7000, dt = 0.001
INFO|2025-07-23 14:57:24,589|pysph.solver.solver|Writing output at time 7.1, iteration 7100, dt = 0.001
INFO|2025-07-23 14:57:25,323|pysph.solver.solver|Writing output at time 7.2, iteration 7200, dt = 0.001
INFO|2025-07-23 14:57:26,059|pysph.solver.solver|Writing output at time 7.3, iteration 7300, dt = 0.001
INFO|2025-07-23 14:57:26,804|pysph.solver.solver|Writing output at time 7.4, iteration 7400, dt = 0.001
INFO|2025-07-23 14:57:27,554|pysph.solver.solver|Writing output at time 7.5, iteration 7500, dt = 0.001
INFO|2025-07-23 14:57:28,306|pysph.solver.solver|Writing output at time 7.6, iteration 7600, dt = 0.001
INFO|2025-07-23 14:57:29,058|pysph.solver.solver|Writing output at time 7.7, iteration 7700, dt = 0.001
INFO|2025-07-23 14:57:29,811|pysph.solver.solver|Writing output at time 7.8, iteration 7800, dt = 0.001
INFO|2025-07-23 14:57:30,569|pysph.solver.solver|Writing output at time 7.9, iteration 7900, dt = 0.001
INFO|2025-07-23 14:57:31,334|pysph.solver.solver|Writing output at time 8, iteration 8000, dt = 0.001
INFO|2025-07-23 14:57:32,100|pysph.solver.solver|Writing output at time 8.1, iteration 8100, dt = 0.001
INFO|2025-07-23 14:57:32,878|pysph.solver.solver|Writing output at time 8.2, iteration 8200, dt = 0.001
INFO|2025-07-23 14:57:33,655|pysph.solver.solver|Writing output at time 8.3, iteration 8300, dt = 0.001
INFO|2025-07-23 14:57:34,437|pysph.solver.solver|Writing output at time 8.4, iteration 8400, dt = 0.001
INFO|2025-07-23 14:57:35,222|pysph.solver.solver|Writing output at time 8.5, iteration 8500, dt = 0.001
INFO|2025-07-23 14:57:36,011|pysph.solver.solver|Writing output at time 8.6, iteration 8600, dt = 0.001
INFO|2025-07-23 14:57:36,799|pysph.solver.solver|Writing output at time 8.7, iteration 8700, dt = 0.001
INFO|2025-07-23 14:57:37,593|pysph.solver.solver|Writing output at time 8.8, iteration 8800, dt = 0.001
INFO|2025-07-23 14:57:38,387|pysph.solver.solver|Writing output at time 8.9, iteration 8900, dt = 0.001
INFO|2025-07-23 14:57:39,188|pysph.solver.solver|Writing output at time 9, iteration 9000, dt = 0.001
INFO|2025-07-23 14:57:39,992|pysph.solver.solver|Writing output at time 9.1, iteration 9100, dt = 0.001
INFO|2025-07-23 14:57:40,802|pysph.solver.solver|Writing output at time 9.2, iteration 9200, dt = 0.001
INFO|2025-07-23 14:57:41,611|pysph.solver.solver|Writing output at time 9.3, iteration 9300, dt = 0.001
INFO|2025-07-23 14:57:42,423|pysph.solver.solver|Writing output at time 9.4, iteration 9400, dt = 0.001
INFO|2025-07-23 14:57:43,236|pysph.solver.solver|Writing output at time 9.5, iteration 9500, dt = 0.001
INFO|2025-07-23 14:57:44,059|pysph.solver.solver|Writing output at time 9.6, iteration 9600, dt = 0.001
INFO|2025-07-23 14:57:44,891|pysph.solver.solver|Writing output at time 9.7, iteration 9700, dt = 0.001
INFO|2025-07-23 14:57:45,721|pysph.solver.solver|Writing output at time 9.8, iteration 9800, dt = 0.001
INFO|2025-07-23 14:57:46,569|pysph.solver.solver|Writing output at time 9.9, iteration 9900, dt = 0.001
INFO|2025-07-23 14:57:47,411|pysph.solver.solver|Writing output at time 10, iteration 10000, dt = 0.001
INFO|2025-07-23 14:57:48,254|pysph.solver.solver|Writing output at time 10.1, iteration 10100, dt = 0.001
INFO|2025-07-23 14:57:49,097|pysph.solver.solver|Writing output at time 10.2, iteration 10200, dt = 0.001
INFO|2025-07-23 14:57:49,944|pysph.solver.solver|Writing output at time 10.3, iteration 10300, dt = 0.001
INFO|2025-07-23 14:57:50,797|pysph.solver.solver|Writing output at time 10.4, iteration 10400, dt = 0.001
INFO|2025-07-23 14:57:51,652|pysph.solver.solver|Writing output at time 10.5, iteration 10500, dt = 0.001
INFO|2025-07-23 14:57:52,516|pysph.solver.solver|Writing output at time 10.6, iteration 10600, dt = 0.001
INFO|2025-07-23 14:57:53,386|pysph.solver.solver|Writing output at time 10.7, iteration 10700, dt = 0.001
INFO|2025-07-23 14:57:54,265|pysph.solver.solver|Writing output at time 10.8, iteration 10800, dt = 0.001
INFO|2025-07-23 14:57:55,145|pysph.solver.solver|Writing output at time 10.9, iteration 10900, dt = 0.001
INFO|2025-07-23 14:57:56,031|pysph.solver.solver|Writing output at time 11, iteration 11000, dt = 0.001
INFO|2025-07-23 14:57:56,923|pysph.solver.solver|Writing output at time 11.1, iteration 11100, dt = 0.001
INFO|2025-07-23 14:57:57,812|pysph.solver.solver|Writing output at time 11.2, iteration 11200, dt = 0.001
INFO|2025-07-23 14:57:58,704|pysph.solver.solver|Writing output at time 11.3, iteration 11300, dt = 0.001
INFO|2025-07-23 14:57:59,601|pysph.solver.solver|Writing output at time 11.4, iteration 11400, dt = 0.001
INFO|2025-07-23 14:58:00,504|pysph.solver.solver|Writing output at time 11.5, iteration 11500, dt = 0.001
INFO|2025-07-23 14:58:01,416|pysph.solver.solver|Writing output at time 11.6, iteration 11600, dt = 0.001
INFO|2025-07-23 14:58:02,332|pysph.solver.solver|Writing output at time 11.7, iteration 11700, dt = 0.001
INFO|2025-07-23 14:58:03,251|pysph.solver.solver|Writing output at time 11.8, iteration 11800, dt = 0.001
INFO|2025-07-23 14:58:04,173|pysph.solver.solver|Writing output at time 11.9, iteration 11900, dt = 0.001
INFO|2025-07-23 14:58:05,095|pysph.solver.solver|Writing output at time 12, iteration 12000, dt = 0.001
INFO|2025-07-23 14:58:06,026|pysph.solver.solver|Writing output at time 12.1, iteration 12100, dt = 0.001
INFO|2025-07-23 14:58:06,960|pysph.solver.solver|Writing output at time 12.2, iteration 12200, dt = 0.001
INFO|2025-07-23 14:58:07,896|pysph.solver.solver|Writing output at time 12.3, iteration 12300, dt = 0.001
INFO|2025-07-23 14:58:08,838|pysph.solver.solver|Writing output at time 12.4, iteration 12400, dt = 0.001
INFO|2025-07-23 14:58:09,781|pysph.solver.solver|Writing output at time 12.5, iteration 12500, dt = 0.001
INFO|2025-07-23 14:58:10,730|pysph.solver.solver|Writing output at time 12.6, iteration 12600, dt = 0.001
INFO|2025-07-23 14:58:11,687|pysph.solver.solver|Writing output at time 12.7, iteration 12700, dt = 0.001
INFO|2025-07-23 14:58:12,647|pysph.solver.solver|Writing output at time 12.8, iteration 12800, dt = 0.001
INFO|2025-07-23 14:58:13,616|pysph.solver.solver|Writing output at time 12.9, iteration 12900, dt = 0.001
INFO|2025-07-23 14:58:14,583|pysph.solver.solver|Writing output at time 13, iteration 13000, dt = 0.001
INFO|2025-07-23 14:58:15,558|pysph.solver.solver|Writing output at time 13.1, iteration 13100, dt = 0.001
INFO|2025-07-23 14:58:16,536|pysph.solver.solver|Writing output at time 13.2, iteration 13200, dt = 0.001
INFO|2025-07-23 14:58:17,520|pysph.solver.solver|Writing output at time 13.3, iteration 13300, dt = 0.001
INFO|2025-07-23 14:58:18,511|pysph.solver.solver|Writing output at time 13.4, iteration 13400, dt = 0.001
INFO|2025-07-23 14:58:19,502|pysph.solver.solver|Writing output at time 13.5, iteration 13500, dt = 0.001
INFO|2025-07-23 14:58:20,494|pysph.solver.solver|Writing output at time 13.6, iteration 13600, dt = 0.001
INFO|2025-07-23 14:58:21,508|pysph.solver.solver|Writing output at time 13.7, iteration 13700, dt = 0.001
INFO|2025-07-23 14:58:22,509|pysph.solver.solver|Writing output at time 13.8, iteration 13800, dt = 0.001
INFO|2025-07-23 14:58:23,513|pysph.solver.solver|Writing output at time 13.9, iteration 13900, dt = 0.001
INFO|2025-07-23 14:58:24,527|pysph.solver.solver|Writing output at time 14, iteration 14000, dt = 0.001
INFO|2025-07-23 14:58:25,537|pysph.solver.solver|Writing output at time 14.1, iteration 14100, dt = 0.001
INFO|2025-07-23 14:58:26,552|pysph.solver.solver|Writing output at time 14.2, iteration 14200, dt = 0.001
INFO|2025-07-23 14:58:27,575|pysph.solver.solver|Writing output at time 14.3, iteration 14300, dt = 0.001
INFO|2025-07-23 14:58:28,606|pysph.solver.solver|Writing output at time 14.4, iteration 14400, dt = 0.001
INFO|2025-07-23 14:58:29,639|pysph.solver.solver|Writing output at time 14.5, iteration 14500, dt = 0.001
INFO|2025-07-23 14:58:30,672|pysph.solver.solver|Writing output at time 14.6, iteration 14600, dt = 0.001
INFO|2025-07-23 14:58:31,706|pysph.solver.solver|Writing output at time 14.7, iteration 14700, dt = 0.001
INFO|2025-07-23 14:58:32,747|pysph.solver.solver|Writing output at time 14.8, iteration 14800, dt = 0.001
INFO|2025-07-23 14:58:33,798|pysph.solver.solver|Writing output at time 14.9, iteration 14900, dt = 0.001
INFO|2025-07-23 14:58:34,847|pysph.solver.solver|Writing output at time 15, iteration 15000, dt = 0.001
INFO|2025-07-23 14:58:35,901|pysph.solver.solver|Writing output at time 15.1, iteration 15100, dt = 0.001
INFO|2025-07-23 14:58:36,962|pysph.solver.solver|Writing output at time 15.2, iteration 15200, dt = 0.001
INFO|2025-07-23 14:58:38,033|pysph.solver.solver|Writing output at time 15.3, iteration 15300, dt = 0.001
INFO|2025-07-23 14:58:39,099|pysph.solver.solver|Writing output at time 15.4, iteration 15400, dt = 0.001
INFO|2025-07-23 14:58:40,173|pysph.solver.solver|Writing output at time 15.5, iteration 15500, dt = 0.001
INFO|2025-07-23 14:58:41,251|pysph.solver.solver|Writing output at time 15.6, iteration 15600, dt = 0.001
INFO|2025-07-23 14:58:42,336|pysph.solver.solver|Writing output at time 15.7, iteration 15700, dt = 0.001
INFO|2025-07-23 14:58:43,423|pysph.solver.solver|Writing output at time 15.8, iteration 15800, dt = 0.001
INFO|2025-07-23 14:58:44,520|pysph.solver.solver|Writing output at time 15.9, iteration 15900, dt = 0.001
INFO|2025-07-23 14:58:45,621|pysph.solver.solver|Writing output at time 16, iteration 16000, dt = 0.001
INFO|2025-07-23 14:58:46,720|pysph.solver.solver|Writing output at time 16.1, iteration 16100, dt = 0.001
INFO|2025-07-23 14:58:47,823|pysph.solver.solver|Writing output at time 16.2, iteration 16200, dt = 0.001
INFO|2025-07-23 14:58:48,934|pysph.solver.solver|Writing output at time 16.3, iteration 16300, dt = 0.001
INFO|2025-07-23 14:58:50,045|pysph.solver.solver|Writing output at time 16.4, iteration 16400, dt = 0.001
INFO|2025-07-23 14:58:51,160|pysph.solver.solver|Writing output at time 16.5, iteration 16500, dt = 0.001
INFO|2025-07-23 14:58:52,280|pysph.solver.solver|Writing output at time 16.6, iteration 16600, dt = 0.001
INFO|2025-07-23 14:58:53,411|pysph.solver.solver|Writing output at time 16.7, iteration 16700, dt = 0.001
INFO|2025-07-23 14:58:54,543|pysph.solver.solver|Writing output at time 16.8, iteration 16800, dt = 0.001
INFO|2025-07-23 14:58:55,681|pysph.solver.solver|Writing output at time 16.9, iteration 16900, dt = 0.001
INFO|2025-07-23 14:58:56,822|pysph.solver.solver|Writing output at time 17, iteration 17000, dt = 0.001
INFO|2025-07-23 14:58:57,968|pysph.solver.solver|Writing output at time 17.1, iteration 17100, dt = 0.001
INFO|2025-07-23 14:58:59,115|pysph.solver.solver|Writing output at time 17.2, iteration 17200, dt = 0.001
INFO|2025-07-23 14:59:00,268|pysph.solver.solver|Writing output at time 17.3, iteration 17300, dt = 0.001
INFO|2025-07-23 14:59:01,426|pysph.solver.solver|Writing output at time 17.4, iteration 17400, dt = 0.001
INFO|2025-07-23 14:59:02,580|pysph.solver.solver|Writing output at time 17.5, iteration 17500, dt = 0.001
INFO|2025-07-23 14:59:03,739|pysph.solver.solver|Writing output at time 17.6, iteration 17600, dt = 0.001
INFO|2025-07-23 14:59:04,910|pysph.solver.solver|Writing output at time 17.7, iteration 17700, dt = 0.001
INFO|2025-07-23 14:59:06,092|pysph.solver.solver|Writing output at time 17.8, iteration 17800, dt = 0.001
INFO|2025-07-23 14:59:07,271|pysph.solver.solver|Writing output at time 17.9, iteration 17900, dt = 0.001
INFO|2025-07-23 14:59:08,456|pysph.solver.solver|Writing output at time 18, iteration 18000, dt = 0.001
INFO|2025-07-23 14:59:09,641|pysph.solver.solver|Writing output at time 18.1, iteration 18100, dt = 0.001
INFO|2025-07-23 14:59:10,831|pysph.solver.solver|Writing output at time 18.2, iteration 18200, dt = 0.001
INFO|2025-07-23 14:59:12,028|pysph.solver.solver|Writing output at time 18.3, iteration 18300, dt = 0.001
INFO|2025-07-23 14:59:13,233|pysph.solver.solver|Writing output at time 18.4, iteration 18400, dt = 0.001
INFO|2025-07-23 14:59:14,438|pysph.solver.solver|Writing output at time 18.5, iteration 18500, dt = 0.001
INFO|2025-07-23 14:59:15,647|pysph.solver.solver|Writing output at time 18.6, iteration 18600, dt = 0.001
INFO|2025-07-23 14:59:16,856|pysph.solver.solver|Writing output at time 18.7, iteration 18700, dt = 0.001
INFO|2025-07-23 14:59:18,072|pysph.solver.solver|Writing output at time 18.8, iteration 18800, dt = 0.001
INFO|2025-07-23 14:59:19,294|pysph.solver.solver|Writing output at time 18.9, iteration 18900, dt = 0.001
INFO|2025-07-23 14:59:20,518|pysph.solver.solver|Writing output at time 19, iteration 19000, dt = 0.001
INFO|2025-07-23 14:59:21,743|pysph.solver.solver|Writing output at time 19.1, iteration 19100, dt = 0.001
INFO|2025-07-23 14:59:22,978|pysph.solver.solver|Writing output at time 19.2, iteration 19200, dt = 0.001
INFO|2025-07-23 14:59:24,215|pysph.solver.solver|Writing output at time 19.3, iteration 19300, dt = 0.001
INFO|2025-07-23 14:59:25,457|pysph.solver.solver|Writing output at time 19.4, iteration 19400, dt = 0.001
INFO|2025-07-23 14:59:26,705|pysph.solver.solver|Writing output at time 19.5, iteration 19500, dt = 0.001
INFO|2025-07-23 14:59:27,959|pysph.solver.solver|Writing output at time 19.6, iteration 19600, dt = 0.001
INFO|2025-07-23 14:59:29,224|pysph.solver.solver|Writing output at time 19.7, iteration 19700, dt = 0.001
INFO|2025-07-23 14:59:30,497|pysph.solver.solver|Writing output at time 19.8, iteration 19800, dt = 0.001
INFO|2025-07-23 14:59:31,766|pysph.solver.solver|Writing output at time 19.9, iteration 19900, dt = 0.001
INFO|2025-07-23 14:59:33,039|pysph.solver.solver|Writing output at time 20, iteration 20000, dt = 0.001
INFO|2025-07-23 14:59:34,312|pysph.solver.solver|Writing output at time 20.1, iteration 20100, dt = 0.001
INFO|2025-07-23 14:59:35,592|pysph.solver.solver|Writing output at time 20.2, iteration 20200, dt = 0.001
INFO|2025-07-23 14:59:36,876|pysph.solver.solver|Writing output at time 20.3, iteration 20300, dt = 0.001
INFO|2025-07-23 14:59:38,166|pysph.solver.solver|Writing output at time 20.4, iteration 20400, dt = 0.001
INFO|2025-07-23 14:59:39,464|pysph.solver.solver|Writing output at time 20.5, iteration 20500, dt = 0.001
INFO|2025-07-23 14:59:40,765|pysph.solver.solver|Writing output at time 20.6, iteration 20600, dt = 0.001
INFO|2025-07-23 14:59:42,079|pysph.solver.solver|Writing output at time 20.7, iteration 20700, dt = 0.001
INFO|2025-07-23 14:59:43,390|pysph.solver.solver|Writing output at time 20.8, iteration 20800, dt = 0.001
INFO|2025-07-23 14:59:44,709|pysph.solver.solver|Writing output at time 20.9, iteration 20900, dt = 0.001
INFO|2025-07-23 14:59:46,032|pysph.solver.solver|Writing output at time 21, iteration 21000, dt = 0.001
INFO|2025-07-23 14:59:47,364|pysph.solver.solver|Writing output at time 21.1, iteration 21100, dt = 0.001
INFO|2025-07-23 14:59:48,698|pysph.solver.solver|Writing output at time 21.2, iteration 21200, dt = 0.001
INFO|2025-07-23 14:59:50,034|pysph.solver.solver|Writing output at time 21.3, iteration 21300, dt = 0.001
INFO|2025-07-23 14:59:51,380|pysph.solver.solver|Writing output at time 21.4, iteration 21400, dt = 0.001
INFO|2025-07-23 14:59:52,730|pysph.solver.solver|Writing output at time 21.5, iteration 21500, dt = 0.001
INFO|2025-07-23 14:59:54,086|pysph.solver.solver|Writing output at time 21.6, iteration 21600, dt = 0.001
INFO|2025-07-23 14:59:55,448|pysph.solver.solver|Writing output at time 21.7, iteration 21700, dt = 0.001
INFO|2025-07-23 14:59:56,814|pysph.solver.solver|Writing output at time 21.8, iteration 21800, dt = 0.001
INFO|2025-07-23 14:59:58,188|pysph.solver.solver|Writing output at time 21.9, iteration 21900, dt = 0.001
INFO|2025-07-23 14:59:59,569|pysph.solver.solver|Writing output at time 22, iteration 22000, dt = 0.001
INFO|2025-07-23 15:00:00,950|pysph.solver.solver|Writing output at time 22.1, iteration 22100, dt = 0.001
INFO|2025-07-23 15:00:02,343|pysph.solver.solver|Writing output at time 22.2, iteration 22200, dt = 0.001
INFO|2025-07-23 15:00:03,743|pysph.solver.solver|Writing output at time 22.3, iteration 22300, dt = 0.001
INFO|2025-07-23 15:00:05,147|pysph.solver.solver|Writing output at time 22.4, iteration 22400, dt = 0.001
INFO|2025-07-23 15:00:06,557|pysph.solver.solver|Writing output at time 22.5, iteration 22500, dt = 0.001
INFO|2025-07-23 15:00:07,977|pysph.solver.solver|Writing output at time 22.6, iteration 22600, dt = 0.001
INFO|2025-07-23 15:00:09,397|pysph.solver.solver|Writing output at time 22.7, iteration 22700, dt = 0.001
INFO|2025-07-23 15:00:10,824|pysph.solver.solver|Writing output at time 22.8, iteration 22800, dt = 0.001
INFO|2025-07-23 15:00:12,257|pysph.solver.solver|Writing output at time 22.9, iteration 22900, dt = 0.001
INFO|2025-07-23 15:00:13,696|pysph.solver.solver|Writing output at time 23, iteration 23000, dt = 0.001
INFO|2025-07-23 15:00:15,142|pysph.solver.solver|Writing output at time 23.1, iteration 23100, dt = 0.001
INFO|2025-07-23 15:00:16,593|pysph.solver.solver|Writing output at time 23.2, iteration 23200, dt = 0.001
INFO|2025-07-23 15:00:18,050|pysph.solver.solver|Writing output at time 23.3, iteration 23300, dt = 0.001
INFO|2025-07-23 15:00:19,511|pysph.solver.solver|Writing output at time 23.4, iteration 23400, dt = 0.001
INFO|2025-07-23 15:00:20,981|pysph.solver.solver|Writing output at time 23.5, iteration 23500, dt = 0.001
INFO|2025-07-23 15:00:22,460|pysph.solver.solver|Writing output at time 23.6, iteration 23600, dt = 0.001
INFO|2025-07-23 15:00:23,947|pysph.solver.solver|Writing output at time 23.7, iteration 23700, dt = 0.001
INFO|2025-07-23 15:00:25,443|pysph.solver.solver|Writing output at time 23.8, iteration 23800, dt = 0.001
INFO|2025-07-23 15:00:26,947|pysph.solver.solver|Writing output at time 23.9, iteration 23900, dt = 0.001
INFO|2025-07-23 15:00:28,460|pysph.solver.solver|Writing output at time 24, iteration 24000, dt = 0.001
INFO|2025-07-23 15:00:29,972|pysph.solver.solver|Writing output at time 24.1, iteration 24100, dt = 0.001
INFO|2025-07-23 15:00:31,489|pysph.solver.solver|Writing output at time 24.2, iteration 24200, dt = 0.001
INFO|2025-07-23 15:00:33,016|pysph.solver.solver|Writing output at time 24.3, iteration 24300, dt = 0.001
INFO|2025-07-23 15:00:34,545|pysph.solver.solver|Writing output at time 24.4, iteration 24400, dt = 0.001
INFO|2025-07-23 15:00:36,080|pysph.solver.solver|Writing output at time 24.5, iteration 24500, dt = 0.001
INFO|2025-07-23 15:00:37,621|pysph.solver.solver|Writing output at time 24.6, iteration 24600, dt = 0.001
INFO|2025-07-23 15:00:39,172|pysph.solver.solver|Writing output at time 24.7, iteration 24700, dt = 0.001
INFO|2025-07-23 15:00:40,726|pysph.solver.solver|Writing output at time 24.8, iteration 24800, dt = 0.001
INFO|2025-07-23 15:00:42,284|pysph.solver.solver|Writing output at time 24.9, iteration 24900, dt = 0.001
INFO|2025-07-23 15:00:43,851|pysph.solver.solver|Writing output at time 25, iteration 25000, dt = 0.001
INFO|2025-07-23 15:00:45,428|pysph.solver.solver|Writing output at time 25.1, iteration 25100, dt = 0.001
INFO|2025-07-23 15:00:47,015|pysph.solver.solver|Writing output at time 25.2, iteration 25200, dt = 0.001
INFO|2025-07-23 15:00:48,616|pysph.solver.solver|Writing output at time 25.3, iteration 25300, dt = 0.001
INFO|2025-07-23 15:00:50,216|pysph.solver.solver|Writing output at time 25.4, iteration 25400, dt = 0.001
INFO|2025-07-23 15:00:51,827|pysph.solver.solver|Writing output at time 25.5, iteration 25500, dt = 0.001
INFO|2025-07-23 15:00:53,443|pysph.solver.solver|Writing output at time 25.6, iteration 25600, dt = 0.001
INFO|2025-07-23 15:00:55,067|pysph.solver.solver|Writing output at time 25.7, iteration 25700, dt = 0.001
INFO|2025-07-23 15:00:56,697|pysph.solver.solver|Writing output at time 25.8, iteration 25800, dt = 0.001
INFO|2025-07-23 15:00:58,348|pysph.solver.solver|Writing output at time 25.9, iteration 25900, dt = 0.001
INFO|2025-07-23 15:00:59,998|pysph.solver.solver|Writing output at time 26, iteration 26000, dt = 0.001
INFO|2025-07-23 15:01:01,655|pysph.solver.solver|Writing output at time 26.1, iteration 26100, dt = 0.001
INFO|2025-07-23 15:01:03,318|pysph.solver.solver|Writing output at time 26.2, iteration 26200, dt = 0.001
INFO|2025-07-23 15:01:04,990|pysph.solver.solver|Writing output at time 26.3, iteration 26300, dt = 0.001
INFO|2025-07-23 15:01:06,669|pysph.solver.solver|Writing output at time 26.4, iteration 26400, dt = 0.001
INFO|2025-07-23 15:01:08,359|pysph.solver.solver|Writing output at time 26.5, iteration 26500, dt = 0.001
INFO|2025-07-23 15:01:10,053|pysph.solver.solver|Writing output at time 26.6, iteration 26600, dt = 0.001
INFO|2025-07-23 15:01:11,755|pysph.solver.solver|Writing output at time 26.7, iteration 26700, dt = 0.001
INFO|2025-07-23 15:01:13,466|pysph.solver.solver|Writing output at time 26.8, iteration 26800, dt = 0.001
INFO|2025-07-23 15:01:15,184|pysph.solver.solver|Writing output at time 26.9, iteration 26900, dt = 0.001
INFO|2025-07-23 15:01:16,911|pysph.solver.solver|Writing output at time 27, iteration 27000, dt = 0.001
INFO|2025-07-23 15:01:18,643|pysph.solver.solver|Writing output at time 27.1, iteration 27100, dt = 0.001
INFO|2025-07-23 15:01:20,381|pysph.solver.solver|Writing output at time 27.2, iteration 27200, dt = 0.001
INFO|2025-07-23 15:01:22,159|pysph.solver.solver|Writing output at time 27.3, iteration 27300, dt = 0.001
INFO|2025-07-23 15:01:23,912|pysph.solver.solver|Writing output at time 27.4, iteration 27400, dt = 0.001
INFO|2025-07-23 15:01:25,676|pysph.solver.solver|Writing output at time 27.5, iteration 27500, dt = 0.001
INFO|2025-07-23 15:01:27,444|pysph.solver.solver|Writing output at time 27.6, iteration 27600, dt = 0.001
INFO|2025-07-23 15:01:29,236|pysph.solver.solver|Writing output at time 27.7, iteration 27700, dt = 0.001
INFO|2025-07-23 15:01:31,024|pysph.solver.solver|Writing output at time 27.8, iteration 27800, dt = 0.001
INFO|2025-07-23 15:01:32,821|pysph.solver.solver|Writing output at time 27.9, iteration 27900, dt = 0.001
INFO|2025-07-23 15:01:34,618|pysph.solver.solver|Writing output at time 28, iteration 28000, dt = 0.001
INFO|2025-07-23 15:01:36,421|pysph.solver.solver|Writing output at time 28.1, iteration 28100, dt = 0.001
INFO|2025-07-23 15:01:38,234|pysph.solver.solver|Writing output at time 28.2, iteration 28200, dt = 0.001
INFO|2025-07-23 15:01:40,055|pysph.solver.solver|Writing output at time 28.3, iteration 28300, dt = 0.001
INFO|2025-07-23 15:01:41,883|pysph.solver.solver|Writing output at time 28.4, iteration 28400, dt = 0.001
INFO|2025-07-23 15:01:43,716|pysph.solver.solver|Writing output at time 28.5, iteration 28500, dt = 0.001
INFO|2025-07-23 15:01:45,555|pysph.solver.solver|Writing output at time 28.6, iteration 28600, dt = 0.001
INFO|2025-07-23 15:01:47,402|pysph.solver.solver|Writing output at time 28.7, iteration 28700, dt = 0.001
INFO|2025-07-23 15:01:49,251|pysph.solver.solver|Writing output at time 28.8, iteration 28800, dt = 0.001
INFO|2025-07-23 15:01:51,109|pysph.solver.solver|Writing output at time 28.9, iteration 28900, dt = 0.001
INFO|2025-07-23 15:01:52,972|pysph.solver.solver|Writing output at time 29, iteration 29000, dt = 0.001
INFO|2025-07-23 15:01:54,841|pysph.solver.solver|Writing output at time 29.1, iteration 29100, dt = 0.001
INFO|2025-07-23 15:01:56,719|pysph.solver.solver|Writing output at time 29.2, iteration 29200, dt = 0.001
INFO|2025-07-23 15:01:58,602|pysph.solver.solver|Writing output at time 29.3, iteration 29300, dt = 0.001
INFO|2025-07-23 15:02:00,494|pysph.solver.solver|Writing output at time 29.4, iteration 29400, dt = 0.001
INFO|2025-07-23 15:02:02,390|pysph.solver.solver|Writing output at time 29.5, iteration 29500, dt = 0.001
INFO|2025-07-23 15:02:04,297|pysph.solver.solver|Writing output at time 29.6, iteration 29600, dt = 0.001
INFO|2025-07-23 15:02:06,212|pysph.solver.solver|Writing output at time 29.7, iteration 29700, dt = 0.001
INFO|2025-07-23 15:02:08,135|pysph.solver.solver|Writing output at time 29.8, iteration 29800, dt = 0.001
INFO|2025-07-23 15:02:10,063|pysph.solver.solver|Writing output at time 29.9, iteration 29900, dt = 0.001
INFO|2025-07-23 15:02:11,995|pysph.solver.solver|Writing output at time 30, iteration 30000, dt = 0.001
INFO|2025-07-23 15:02:13,935|pysph.solver.solver|Writing output at time 30.1, iteration 30100, dt = 0.001
INFO|2025-07-23 15:02:15,881|pysph.solver.solver|Writing output at time 30.2, iteration 30200, dt = 0.001
INFO|2025-07-23 15:02:17,845|pysph.solver.solver|Writing output at time 30.3, iteration 30300, dt = 0.001
INFO|2025-07-23 15:02:19,817|pysph.solver.solver|Writing output at time 30.4, iteration 30400, dt = 0.001
INFO|2025-07-23 15:02:21,793|pysph.solver.solver|Writing output at time 30.5, iteration 30500, dt = 0.001
INFO|2025-07-23 15:02:23,775|pysph.solver.solver|Writing output at time 30.6, iteration 30600, dt = 0.001
INFO|2025-07-23 15:02:25,759|pysph.solver.solver|Writing output at time 30.7, iteration 30700, dt = 0.001
INFO|2025-07-23 15:02:27,755|pysph.solver.solver|Writing output at time 30.8, iteration 30800, dt = 0.001
INFO|2025-07-23 15:02:29,767|pysph.solver.solver|Writing output at time 30.9, iteration 30900, dt = 0.001
INFO|2025-07-23 15:02:31,775|pysph.solver.solver|Writing output at time 31, iteration 31000, dt = 0.001
INFO|2025-07-23 15:02:33,792|pysph.solver.solver|Writing output at time 31.1, iteration 31100, dt = 0.001
INFO|2025-07-23 15:02:35,827|pysph.solver.solver|Writing output at time 31.2, iteration 31200, dt = 0.001
INFO|2025-07-23 15:02:37,861|pysph.solver.solver|Writing output at time 31.3, iteration 31300, dt = 0.001
INFO|2025-07-23 15:02:39,901|pysph.solver.solver|Writing output at time 31.4, iteration 31400, dt = 0.001
INFO|2025-07-23 15:02:41,941|pysph.solver.solver|Writing output at time 31.5, iteration 31500, dt = 0.001
INFO|2025-07-23 15:02:43,995|pysph.solver.solver|Writing output at time 31.6, iteration 31600, dt = 0.001
INFO|2025-07-23 15:02:46,054|pysph.solver.solver|Writing output at time 31.7, iteration 31700, dt = 0.001
INFO|2025-07-23 15:02:48,126|pysph.solver.solver|Writing output at time 31.8, iteration 31800, dt = 0.001
INFO|2025-07-23 15:02:50,207|pysph.solver.solver|Writing output at time 31.9, iteration 31900, dt = 0.001
INFO|2025-07-23 15:02:52,294|pysph.solver.solver|Writing output at time 32, iteration 32000, dt = 0.001
INFO|2025-07-23 15:02:54,391|pysph.solver.solver|Writing output at time 32.1, iteration 32100, dt = 0.001
INFO|2025-07-23 15:02:56,496|pysph.solver.solver|Writing output at time 32.2, iteration 32200, dt = 0.001
INFO|2025-07-23 15:02:58,611|pysph.solver.solver|Writing output at time 32.3, iteration 32300, dt = 0.001
INFO|2025-07-23 15:03:00,731|pysph.solver.solver|Writing output at time 32.4, iteration 32400, dt = 0.001
INFO|2025-07-23 15:03:02,863|pysph.solver.solver|Writing output at time 32.5, iteration 32500, dt = 0.001
INFO|2025-07-23 15:03:05,005|pysph.solver.solver|Writing output at time 32.6, iteration 32600, dt = 0.001
INFO|2025-07-23 15:03:07,158|pysph.solver.solver|Writing output at time 32.7, iteration 32700, dt = 0.001
INFO|2025-07-23 15:03:09,318|pysph.solver.solver|Writing output at time 32.8, iteration 32800, dt = 0.001
INFO|2025-07-23 15:03:11,489|pysph.solver.solver|Writing output at time 32.9, iteration 32900, dt = 0.001
INFO|2025-07-23 15:03:13,663|pysph.solver.solver|Writing output at time 33, iteration 33000, dt = 0.001
INFO|2025-07-23 15:03:15,842|pysph.solver.solver|Writing output at time 33.1, iteration 33100, dt = 0.001
INFO|2025-07-23 15:03:18,038|pysph.solver.solver|Writing output at time 33.2, iteration 33200, dt = 0.001
INFO|2025-07-23 15:03:20,243|pysph.solver.solver|Writing output at time 33.3, iteration 33300, dt = 0.001
INFO|2025-07-23 15:03:22,460|pysph.solver.solver|Writing output at time 33.4, iteration 33400, dt = 0.001
INFO|2025-07-23 15:03:24,683|pysph.solver.solver|Writing output at time 33.5, iteration 33500, dt = 0.001
INFO|2025-07-23 15:03:26,916|pysph.solver.solver|Writing output at time 33.6, iteration 33600, dt = 0.001
INFO|2025-07-23 15:03:29,167|pysph.solver.solver|Writing output at time 33.7, iteration 33700, dt = 0.001
INFO|2025-07-23 15:03:31,418|pysph.solver.solver|Writing output at time 33.8, iteration 33800, dt = 0.001
INFO|2025-07-23 15:03:33,677|pysph.solver.solver|Writing output at time 33.9, iteration 33900, dt = 0.001
INFO|2025-07-23 15:03:35,940|pysph.solver.solver|Writing output at time 34, iteration 34000, dt = 0.001
INFO|2025-07-23 15:03:38,210|pysph.solver.solver|Writing output at time 34.1, iteration 34100, dt = 0.001
INFO|2025-07-23 15:03:40,487|pysph.solver.solver|Writing output at time 34.2, iteration 34200, dt = 0.001
INFO|2025-07-23 15:03:42,768|pysph.solver.solver|Writing output at time 34.3, iteration 34300, dt = 0.001
INFO|2025-07-23 15:03:45,058|pysph.solver.solver|Writing output at time 34.4, iteration 34400, dt = 0.001
INFO|2025-07-23 15:03:47,355|pysph.solver.solver|Writing output at time 34.5, iteration 34500, dt = 0.001
INFO|2025-07-23 15:03:49,662|pysph.solver.solver|Writing output at time 34.6, iteration 34600, dt = 0.001
INFO|2025-07-23 15:03:51,980|pysph.solver.solver|Writing output at time 34.7, iteration 34700, dt = 0.001
INFO|2025-07-23 15:03:54,303|pysph.solver.solver|Writing output at time 34.8, iteration 34800, dt = 0.001
INFO|2025-07-23 15:03:56,651|pysph.solver.solver|Writing output at time 34.9, iteration 34900, dt = 0.001
INFO|2025-07-23 15:03:58,995|pysph.solver.solver|Writing output at time 35, iteration 35000, dt = 0.001
INFO|2025-07-23 15:04:01,342|pysph.solver.solver|Writing output at time 35.1, iteration 35100, dt = 0.001
INFO|2025-07-23 15:04:03,699|pysph.solver.solver|Writing output at time 35.2, iteration 35200, dt = 0.001
INFO|2025-07-23 15:04:06,064|pysph.solver.solver|Writing output at time 35.3, iteration 35300, dt = 0.001
INFO|2025-07-23 15:04:08,436|pysph.solver.solver|Writing output at time 35.4, iteration 35400, dt = 0.001
INFO|2025-07-23 15:04:10,822|pysph.solver.solver|Writing output at time 35.5, iteration 35500, dt = 0.001
INFO|2025-07-23 15:04:13,214|pysph.solver.solver|Writing output at time 35.6, iteration 35600, dt = 0.001
INFO|2025-07-23 15:04:15,613|pysph.solver.solver|Writing output at time 35.7, iteration 35700, dt = 0.001
INFO|2025-07-23 15:04:18,020|pysph.solver.solver|Writing output at time 35.8, iteration 35800, dt = 0.001
INFO|2025-07-23 15:04:20,446|pysph.solver.solver|Writing output at time 35.9, iteration 35900, dt = 0.001
INFO|2025-07-23 15:04:22,869|pysph.solver.solver|Writing output at time 36, iteration 36000, dt = 0.001
INFO|2025-07-23 15:04:25,302|pysph.solver.solver|Writing output at time 36.1, iteration 36100, dt = 0.001
INFO|2025-07-23 15:04:27,740|pysph.solver.solver|Writing output at time 36.2, iteration 36200, dt = 0.001
INFO|2025-07-23 15:04:30,192|pysph.solver.solver|Writing output at time 36.3, iteration 36300, dt = 0.001
INFO|2025-07-23 15:04:32,642|pysph.solver.solver|Writing output at time 36.4, iteration 36400, dt = 0.001
INFO|2025-07-23 15:04:35,116|pysph.solver.solver|Writing output at time 36.5, iteration 36500, dt = 0.001
INFO|2025-07-23 15:04:37,586|pysph.solver.solver|Writing output at time 36.6, iteration 36600, dt = 0.001
INFO|2025-07-23 15:04:40,068|pysph.solver.solver|Writing output at time 36.7, iteration 36700, dt = 0.001
INFO|2025-07-23 15:04:42,548|pysph.solver.solver|Writing output at time 36.8, iteration 36800, dt = 0.001
INFO|2025-07-23 15:04:45,039|pysph.solver.solver|Writing output at time 36.9, iteration 36900, dt = 0.001
INFO|2025-07-23 15:04:47,540|pysph.solver.solver|Writing output at time 37, iteration 37000, dt = 0.001
INFO|2025-07-23 15:04:50,045|pysph.solver.solver|Writing output at time 37.1, iteration 37100, dt = 0.001
INFO|2025-07-23 15:04:52,561|pysph.solver.solver|Writing output at time 37.2, iteration 37200, dt = 0.001
INFO|2025-07-23 15:04:55,083|pysph.solver.solver|Writing output at time 37.3, iteration 37300, dt = 0.001
INFO|2025-07-23 15:04:57,611|pysph.solver.solver|Writing output at time 37.4, iteration 37400, dt = 0.001
INFO|2025-07-23 15:05:00,148|pysph.solver.solver|Writing output at time 37.5, iteration 37500, dt = 0.001
INFO|2025-07-23 15:05:02,716|pysph.solver.solver|Writing output at time 37.6, iteration 37600, dt = 0.001
INFO|2025-07-23 15:05:05,284|pysph.solver.solver|Writing output at time 37.7, iteration 37700, dt = 0.001
INFO|2025-07-23 15:05:07,860|pysph.solver.solver|Writing output at time 37.8, iteration 37800, dt = 0.001
INFO|2025-07-23 15:05:10,443|pysph.solver.solver|Writing output at time 37.9, iteration 37900, dt = 0.001
INFO|2025-07-23 15:05:13,036|pysph.solver.solver|Writing output at time 38, iteration 38000, dt = 0.001
INFO|2025-07-23 15:05:15,637|pysph.solver.solver|Writing output at time 38.1, iteration 38100, dt = 0.001
INFO|2025-07-23 15:05:18,246|pysph.solver.solver|Writing output at time 38.2, iteration 38200, dt = 0.001
INFO|2025-07-23 15:05:20,869|pysph.solver.solver|Writing output at time 38.3, iteration 38300, dt = 0.001
INFO|2025-07-23 15:05:23,503|pysph.solver.solver|Writing output at time 38.4, iteration 38400, dt = 0.001
INFO|2025-07-23 15:05:26,146|pysph.solver.solver|Writing output at time 38.5, iteration 38500, dt = 0.001
INFO|2025-07-23 15:05:28,797|pysph.solver.solver|Writing output at time 38.6, iteration 38600, dt = 0.001
INFO|2025-07-23 15:05:31,458|pysph.solver.solver|Writing output at time 38.7, iteration 38700, dt = 0.001
INFO|2025-07-23 15:05:34,117|pysph.solver.solver|Writing output at time 38.8, iteration 38800, dt = 0.001
INFO|2025-07-23 15:05:36,784|pysph.solver.solver|Writing output at time 38.9, iteration 38900, dt = 0.001
INFO|2025-07-23 15:05:39,462|pysph.solver.solver|Writing output at time 39, iteration 39000, dt = 0.001
INFO|2025-07-23 15:05:42,149|pysph.solver.solver|Writing output at time 39.1, iteration 39100, dt = 0.001
INFO|2025-07-23 15:05:44,843|pysph.solver.solver|Writing output at time 39.2, iteration 39200, dt = 0.001
INFO|2025-07-23 15:05:47,548|pysph.solver.solver|Writing output at time 39.3, iteration 39300, dt = 0.001
INFO|2025-07-23 15:05:50,255|pysph.solver.solver|Writing output at time 39.4, iteration 39400, dt = 0.001
INFO|2025-07-23 15:05:52,973|pysph.solver.solver|Writing output at time 39.5, iteration 39500, dt = 0.001
INFO|2025-07-23 15:05:55,692|pysph.solver.solver|Writing output at time 39.6, iteration 39600, dt = 0.001
INFO|2025-07-23 15:05:58,422|pysph.solver.solver|Writing output at time 39.7, iteration 39700, dt = 0.001
INFO|2025-07-23 15:06:01,164|pysph.solver.solver|Writing output at time 39.8, iteration 39800, dt = 0.001
INFO|2025-07-23 15:06:03,923|pysph.solver.solver|Writing output at time 39.9, iteration 39900, dt = 0.001
INFO|2025-07-23 15:06:06,691|pysph.solver.solver|Writing output at time 40, iteration 40000, dt = 0.001
INFO|2025-07-23 15:06:06,697|pysph.solver.application|Run took: 564.34805 secs
