Generating output in /Users/isa/Developer/sph/main_output
----------------------------------------------------------------------
No of particles:
  fluid: 68121
  solid: 2108
  Total: 70229
----------------------------------------------------------------------
Setup took: 0.09269 secs
--------------------------------------------------
Tempo: 0.00s | Iteração: 0
Velocidade Máx: 0.1831
Contraste CS: 542.0292
c_n: mean=0.9989 max=1.0000 contrast=0.48 | massa: 197.51
sigma_a braços biomassa (n=211): min=1.000 mean=1.000 frac<0.85=0.00% | c/ inseridas (n=0): mean=1.000 frac<0.85=0.00%
vazio areal: >0.7dx=0.54% >1.0dx=0.00% >1.5dx=0.00%  (alvo: >1.5dx -> 0)
motor na biomassa: a_mar med=0.371 p95=0.69 | bracos: cs=0.5221 c_n=0.736   (S0: med=3.38 p95=9.46 cs=0.353 c_n=0.552)
biomassa real: total=0.2670 bracos=0.2277 | n_pinned(rho_b>=0.8)=0
empacotamento: clump(<0.5dx)=0.0% nn_mediana=0.907dx | shift processa 209 part.
junção (so vivas): c_n=0.987 rho_b_p90=0.456 n_bio=60 | vale ao longo do braço=0.445 em r=0.08   (alvo: > 0.5)
Acelerações:
  > Marangoni (líq): 0.73
  > Drag:            0.00 (Freio)
  > Pressão (est):   1.50
  > Total |a|:       2.20
wake inserção t=2.5s: 148 inseridas
--------------------------------------------------
Tempo: 4.56s | Iteração: 200
Velocidade Máx: 0.0459
Contraste CS: 241.0175
c_n: mean=0.9979 max=1.0000 contrast=0.49 | massa: 198.02
sigma_a braços biomassa (n=200): min=0.747 mean=1.008 frac<0.85=0.50% | c/ inseridas (n=124): mean=0.993 frac<0.85=3.70%
vazio areal: >0.7dx=17.68% >1.0dx=6.92% >1.5dx=1.18%  (alvo: >1.5dx -> 0)
motor na biomassa: a_mar med=0.602 p95=1.85 | bracos: cs=0.1609 c_n=0.739   (S0: med=3.38 p95=9.46 cs=0.353 c_n=0.552)
biomassa real: total=0.2625 bracos=0.1818 | n_pinned(rho_b>=0.8)=0
empacotamento: clump(<0.5dx)=38.8% nn_mediana=0.674dx | shift processa 240 part.
junção (so vivas): c_n=0.955 rho_b_p90=0.406 n_bio=113 | vale ao longo do braço=0.000 em r=0.50   (alvo: > 0.5)
Acelerações:
  > Marangoni (líq): 3.56
  > Drag:            3.85 (Freio)
  > Pressão (est):   1.47
  > Total |a|:       2.17
C3 inserção t=4.6s: 3 partículas inseridas
wake inserção t=4.6s: 54 inseridas
wake inserção t=6.9s: 31 inseridas
--------------------------------------------------
Tempo: 9.49s | Iteração: 400
Velocidade Máx: 0.2208
Contraste CS: 213.1861
c_n: mean=0.9970 max=1.0000 contrast=0.50 | massa: 198.38
sigma_a braços biomassa (n=202): min=0.777 mean=0.999 frac<0.85=2.97% | c/ inseridas (n=192): mean=0.988 frac<0.85=2.28%
vazio areal: >0.7dx=8.25% >1.0dx=1.01% >1.5dx=0.00%  (alvo: >1.5dx -> 0)
motor na biomassa: a_mar med=0.510 p95=1.53 | bracos: cs=0.1505 c_n=0.744   (S0: med=3.38 p95=9.46 cs=0.353 c_n=0.552)
biomassa real: total=0.3197 bracos=0.2049 | n_pinned(rho_b>=0.8)=0
empacotamento: clump(<0.5dx)=27.7% nn_mediana=0.663dx | shift processa 274 part.
junção (so vivas): c_n=0.929 rho_b_p90=0.353 n_bio=136 | vale ao longo do braço=0.428 em r=0.22   (alvo: > 0.5)
Acelerações:
  > Marangoni (líq): 2.95
  > Drag:            31.27 (Freio)
  > Pressão (est):   4.14
  > Total |a|:       33.93
C3 inserção t=9.5s: 2 partículas inseridas
wake inserção t=9.5s: 27 inseridas
wake inserção t=12.0s: 40 inseridas
--------------------------------------------------
Tempo: 14.36s | Iteração: 600
Velocidade Máx: 0.1069
Contraste CS: 167.6541
c_n: mean=0.9963 max=1.0000 contrast=0.50 | massa: 198.72
sigma_a braços biomassa (n=281): min=0.644 mean=0.989 frac<0.85=4.98% | c/ inseridas (n=237): mean=0.987 frac<0.85=3.67%
vazio areal: >0.7dx=8.79% >1.0dx=0.97% >1.5dx=0.00%  (alvo: >1.5dx -> 0)
motor na biomassa: a_mar med=0.529 p95=1.67 | bracos: cs=0.1322 c_n=0.791   (S0: med=3.38 p95=9.46 cs=0.353 c_n=0.552)
biomassa real: total=0.3967 bracos=0.2404 | n_pinned(rho_b>=0.8)=0
empacotamento: clump(<0.5dx)=27.6% nn_mediana=0.625dx | shift processa 384 part.
junção (so vivas): c_n=0.906 rho_b_p90=0.282 n_bio=224 | vale ao longo do braço=0.000 em r=0.14   (alvo: > 0.5)
Acelerações:
  > Marangoni (líq): 2.90
  > Drag:            16.88 (Freio)
  > Pressão (est):   2.31
  > Total |a|:       17.09
mitose t=14.4s: 89 divisoes
C3 inserção t=14.4s: 14 partículas inseridas
wake inserção t=14.4s: 14 inseridas
wake inserção t=16.3s: 43 inseridas
--------------------------------------------------
Tempo: 17.09s | Iteração: 800
Velocidade Máx: 0.0418
Contraste CS: 129.1933
c_n: mean=0.9955 max=1.0000 contrast=0.50 | massa: 199.02
sigma_a braços biomassa (n=419): min=0.743 mean=0.989 frac<0.85=2.86% | c/ inseridas (n=268): mean=0.986 frac<0.85=2.33%
vazio areal: >0.7dx=5.60% >1.0dx=0.34% >1.5dx=0.00%  (alvo: >1.5dx -> 0)
motor na biomassa: a_mar med=0.462 p95=1.42 | bracos: cs=0.1307 c_n=0.810   (S0: med=3.38 p95=9.46 cs=0.353 c_n=0.552)
biomassa real: total=0.4362 bracos=0.2518 | n_pinned(rho_b>=0.8)=0
empacotamento: clump(<0.5dx)=34.7% nn_mediana=0.584dx | shift processa 553 part.
junção (so vivas): c_n=0.889 rho_b_p90=0.401 n_bio=381 | vale ao longo do braço=0.347 em r=0.46   (alvo: > 0.5)
Acelerações:
  > Marangoni (líq): 2.49
  > Drag:            3.13 (Freio)
  > Pressão (est):   1.62
  > Total |a|:       2.62
mitose t=17.1s: 20 divisoes
C3 inserção t=17.1s: 4 partículas inseridas
wake inserção t=17.1s: 15 inseridas
wake inserção t=18.5s: 31 inseridas
--------------------------------------------------
Tempo: 20.43s | Iteração: 1000
Velocidade Máx: 0.0435
Contraste CS: 111.7749
c_n: mean=0.9948 max=1.0000 contrast=0.50 | massa: 199.31
sigma_a braços biomassa (n=506): min=0.782 mean=0.990 frac<0.85=2.17% | c/ inseridas (n=294): mean=0.985 frac<0.85=2.38%
vazio areal: >0.7dx=6.28% >1.0dx=0.07% >1.5dx=0.00%  (alvo: >1.5dx -> 0)
motor na biomassa: a_mar med=0.417 p95=1.24 | bracos: cs=0.1275 c_n=0.813   (S0: med=3.38 p95=9.46 cs=0.353 c_n=0.552)
biomassa real: total=0.4994 bracos=0.2943 | n_pinned(rho_b>=0.8)=0
empacotamento: clump(<0.5dx)=41.5% nn_mediana=0.551dx | shift processa 672 part.
junção (so vivas): c_n=0.872 rho_b_p90=0.371 n_bio=490 | vale ao longo do braço=0.347 em r=0.56   (alvo: > 0.5)
Acelerações:
  > Marangoni (líq): 2.67
  > Drag:            7.51 (Freio)
  > Pressão (est):   2.66
  > Total |a|:       10.12
mitose t=20.4s: 60 divisoes
wake inserção t=20.4s: 19 inseridas
wake inserção t=22.5s: 46 inseridas
--------------------------------------------------
Tempo: 24.21s | Iteração: 1200
Velocidade Máx: 0.0414
Contraste CS: 93.6754
c_n: mean=0.9938 max=1.0000 contrast=0.50 | massa: 199.70
sigma_a braços biomassa (n=641): min=0.757 mean=0.988 frac<0.85=1.72% | c/ inseridas (n=330): mean=0.985 frac<0.85=2.16%
vazio areal: >0.7dx=6.60% >1.0dx=0.13% >1.5dx=0.00%  (alvo: >1.5dx -> 0)
motor na biomassa: a_mar med=0.376 p95=1.07 | bracos: cs=0.1253 c_n=0.812   (S0: med=3.38 p95=9.46 cs=0.353 c_n=0.552)
biomassa real: total=0.5786 bracos=0.3527 | n_pinned(rho_b>=0.8)=0
empacotamento: clump(<0.5dx)=46.5% nn_mediana=0.523dx | shift processa 849 part.
junção (so vivas): c_n=0.851 rho_b_p90=0.371 n_bio=657 | vale ao longo do braço=0.294 em r=0.88   (alvo: > 0.5)
Acelerações:
  > Marangoni (líq): 2.71
  > Drag:            3.35 (Freio)
  > Pressão (est):   1.41
  > Total |a|:       2.14
mitose t=24.2s: 106 divisoes
C3 inserção t=24.2s: 8 partículas inseridas
wake inserção t=24.2s: 32 inseridas
wake inserção t=26.1s: 13 inseridas
--------------------------------------------------
Tempo: 28.30s | Iteração: 1400
Velocidade Máx: 0.0376
Contraste CS: 76.1813
c_n: mean=0.9925 max=1.0000 contrast=0.51 | massa: 200.12
sigma_a braços biomassa (n=864): min=0.732 mean=0.990 frac<0.85=2.31% | c/ inseridas (n=357): mean=0.987 frac<0.85=2.87%
vazio areal: >0.7dx=6.51% >1.0dx=0.17% >1.5dx=0.00%  (alvo: >1.5dx -> 0)
motor na biomassa: a_mar med=0.338 p95=0.94 | bracos: cs=0.1241 c_n=0.814   (S0: med=3.38 p95=9.46 cs=0.353 c_n=0.552)
biomassa real: total=0.6791 bracos=0.4236 | n_pinned(rho_b>=0.8)=0
empacotamento: clump(<0.5dx)=47.7% nn_mediana=0.515dx | shift processa 1088 part.
junção (so vivas): c_n=0.825 rho_b_p90=0.376 n_bio=874 | vale ao longo do braço=0.311 em r=0.89   (alvo: > 0.5)
Acelerações:
  > Marangoni (líq): 3.02
  > Drag:            6.96 (Freio)
  > Pressão (est):   2.47
  > Total |a|:       9.43
mitose t=28.3s: 144 divisoes
C3 inserção t=28.3s: 11 partículas inseridas
wake inserção t=28.3s: 39 inseridas
wake inserção t=29.5s: 19 inseridas
