Generating output in /Users/isa/Developer/sph/runs/P2R2_rastro2/main_output
----------------------------------------------------------------------
No of particles:
  fluid: 68121
  solid: 2108
  Total: 70229
----------------------------------------------------------------------
Setup took: 0.07969 secs
--------------------------------------------------
Tempo: 0.00s | Iteração: 0
Velocidade Máx: 0.4292 | Contraste CS: 828.2406
c_n: mean=0.9990 max=1.0000 | massa: 197.51
sigma_a braços (n=67): min=1.000 mean=1.000 frac<0.85=0.00% | c/ filler: mean=1.000
vazio areal: >0.7dx=2.55% >1.0dx=0.00% >1.5dx=0.00%
motor na biomassa: a_mar med=1.530 p95=2.10 | biomassa=0.2543 bracos=0.1886 | pinadas=43
clump(<0.5dx)=0.0% nn_mediana=0.919dx
Acelerações: Marangoni 2.24 | Drag 0.00 | Flagelo 2.99 | Pressão EOS máx 4.58e-08 med 2.89e-08 | Total 5.17
wake inserção t=2.3s: 145 inseridas
rastro t=2.3s: 73 convertidas (60 lideres)
--------------------------------------------------
Tempo: 3.77s | Iteração: 200
Velocidade Máx: 0.0928 | Contraste CS: 96.5810
c_n: mean=0.9985 max=1.0000 | massa: 197.94
sigma_a braços (n=70): min=0.619 mean=0.930 frac<0.85=35.71% | c/ filler: mean=1.001
vazio areal: >0.7dx=24.18% >1.0dx=13.51% >1.5dx=2.91%
motor na biomassa: a_mar med=0.225 p95=4.30 | biomassa=0.2648 bracos=0.1141 | pinadas=43
clump(<0.5dx)=30.6% nn_mediana=0.737dx
Acelerações: Marangoni 6.37 | Drag 7.51 | Flagelo 2.97 | Pressão EOS máx 5.45e-02 med 2.28e-03 | Total 1.82
inserção t=3.8s: 3 partículas inseridas
wake inserção t=3.8s: 54 inseridas
rastro t=3.8s: 31 convertidas (64 lideres)
wake inserção t=5.0s: 48 inseridas
rastro t=5.0s: 45 convertidas (63 lideres)
--------------------------------------------------
Tempo: 6.79s | Iteração: 400
Velocidade Máx: 0.0955 | Contraste CS: 68.4423
c_n: mean=0.9975 max=1.0000 | massa: 198.25
sigma_a braços (n=70): min=0.689 mean=0.970 frac<0.85=4.29% | c/ filler: mean=0.977
vazio areal: >0.7dx=16.18% >1.0dx=5.22% >1.5dx=0.67%
motor na biomassa: a_mar med=0.223 p95=3.96 | biomassa=0.2555 bracos=0.0674 | pinadas=43
clump(<0.5dx)=31.5% nn_mediana=0.726dx
Acelerações: Marangoni 4.98 | Drag 7.17 | Flagelo 3.00 | Pressão EOS máx 4.61e-02 med 3.72e-03 | Total 1.53
wake inserção t=6.8s: 42 inseridas
rastro t=6.8s: 132 convertidas (66 lideres)
wake inserção t=8.3s: 12 inseridas
rastro t=8.3s: 119 convertidas (61 lideres)
--------------------------------------------------
Tempo: 9.72s | Iteração: 600
Velocidade Máx: 0.1114 | Contraste CS: 59.8382
c_n: mean=0.9960 max=1.0000 | massa: 198.42
sigma_a braços (n=78): min=0.766 mean=0.974 frac<0.85=7.69% | c/ filler: mean=0.986
vazio areal: >0.7dx=12.86% >1.0dx=2.52% >1.5dx=0.05%
motor na biomassa: a_mar med=0.214 p95=4.43 | biomassa=0.2745 bracos=0.0591 | pinadas=43
clump(<0.5dx)=37.1% nn_mediana=0.638dx
Acelerações: Marangoni 7.18 | Drag 7.76 | Flagelo 3.00 | Pressão EOS máx 3.52e-02 med 3.88e-03 | Total 1.32
wake inserção t=9.7s: 27 inseridas
rastro t=9.7s: 150 convertidas (48 lideres)
wake inserção t=11.6s: 19 inseridas
rastro t=11.6s: 232 convertidas (34 lideres)
--------------------------------------------------
Tempo: 13.30s | Iteração: 800
Velocidade Máx: 0.1076 | Contraste CS: 53.5637
c_n: mean=0.9936 max=1.0000 | massa: 198.58
sigma_a braços (n=92): min=0.758 mean=0.982 frac<0.85=3.26% | c/ filler: mean=0.982
vazio areal: >0.7dx=10.46% >1.0dx=1.49% >1.5dx=0.11%
motor na biomassa: a_mar med=0.169 p95=4.43 | biomassa=0.3043 bracos=0.0730 | pinadas=43
clump(<0.5dx)=36.2% nn_mediana=0.605dx
Acelerações: Marangoni 6.10 | Drag 7.73 | Flagelo 3.00 | Pressão EOS máx 4.54e-02 med 4.00e-03 | Total 1.08
inserção t=13.3s: 5 partículas inseridas
wake inserção t=13.3s: 47 inseridas
rastro t=13.3s: 256 convertidas (30 lideres)
wake inserção t=14.7s: 20 inseridas
rastro t=14.7s: 174 convertidas (28 lideres)
--------------------------------------------------
Tempo: 15.78s | Iteração: 1000
Velocidade Máx: 0.1267 | Contraste CS: 51.9490
c_n: mean=0.9911 max=1.0000 | massa: 198.81
sigma_a braços (n=106): min=0.705 mean=0.989 frac<0.85=2.83% | c/ filler: mean=0.984
vazio areal: >0.7dx=6.03% >1.0dx=0.29% >1.5dx=0.00%
motor na biomassa: a_mar med=0.131 p95=5.81 | biomassa=0.3283 bracos=0.0813 | pinadas=43
clump(<0.5dx)=31.7% nn_mediana=0.632dx
Acelerações: Marangoni 8.47 | Drag 9.89 | Flagelo 3.00 | Pressão EOS máx 3.91e-02 med 2.59e-03 | Total 1.58
wake inserção t=15.8s: 16 inseridas
rastro t=15.8s: 129 convertidas (27 lideres)
wake inserção t=17.5s: 16 inseridas
rastro t=17.5s: 239 convertidas (28 lideres)
--------------------------------------------------
Tempo: 19.32s | Iteração: 1200
Velocidade Máx: 0.1040 | Contraste CS: 44.3471
c_n: mean=0.9878 max=1.0000 | massa: 198.93
sigma_a braços (n=175): min=0.894 mean=0.995 frac<0.85=0.00% | c/ filler: mean=0.982
vazio areal: >0.7dx=6.07% >1.0dx=0.19% >1.5dx=0.00%
motor na biomassa: a_mar med=0.120 p95=4.46 | biomassa=0.3589 bracos=0.1115 | pinadas=43
clump(<0.5dx)=29.5% nn_mediana=0.638dx
Acelerações: Marangoni 6.49 | Drag 7.62 | Flagelo 3.00 | Pressão EOS máx 5.18e-02 med 2.30e-03 | Total 2.08
wake inserção t=19.3s: 33 inseridas
rastro t=19.3s: 241 convertidas (27 lideres)
wake inserção t=20.8s: 16 inseridas
rastro t=20.8s: 207 convertidas (27 lideres)
--------------------------------------------------
Tempo: 22.48s | Iteração: 1400
Velocidade Máx: 0.1084 | Contraste CS: 41.0977
c_n: mean=0.9844 max=1.0000 | massa: 199.10
sigma_a braços (n=259): min=0.725 mean=0.994 frac<0.85=0.39% | c/ filler: mean=0.982
vazio areal: >0.7dx=5.61% >1.0dx=0.08% >1.5dx=0.00%
motor na biomassa: a_mar med=0.109 p95=4.07 | biomassa=0.3842 bracos=0.1509 | pinadas=43
clump(<0.5dx)=27.0% nn_mediana=0.647dx
Acelerações: Marangoni 7.42 | Drag 8.52 | Flagelo 3.00 | Pressão EOS máx 3.42e-02 med 1.82e-03 | Total 1.91
wake inserção t=22.5s: 14 inseridas
rastro t=22.5s: 239 convertidas (27 lideres)
wake inserção t=24.1s: 5 inseridas
rastro t=24.1s: 213 convertidas (27 lideres)
--------------------------------------------------
Tempo: 25.66s | Iteração: 1600
Velocidade Máx: 0.1073 | Contraste CS: 38.2664
c_n: mean=0.9809 max=1.0000 | massa: 199.18
sigma_a braços (n=316): min=0.652 mean=0.996 frac<0.85=0.63% | c/ filler: mean=0.982
vazio areal: >0.7dx=5.95% >1.0dx=0.10% >1.5dx=0.00%
motor na biomassa: a_mar med=0.087 p95=3.86 | biomassa=0.4131 bracos=0.1752 | pinadas=43
clump(<0.5dx)=29.5% nn_mediana=0.641dx
Acelerações: Marangoni 8.27 | Drag 19.01 | Flagelo 3.00 | Pressão EOS máx 6.63e-02 med 1.68e-03 | Total 18.91
wake inserção t=25.7s: 17 inseridas
rastro t=25.7s: 202 convertidas (25 lideres)
wake inserção t=27.7s: 28 inseridas
rastro t=27.7s: 232 convertidas (25 lideres)
--------------------------------------------------
Tempo: 29.62s | Iteração: 1800
Velocidade Máx: 0.1160 | Contraste CS: 33.8725
c_n: mean=0.9767 max=1.0000 | massa: 199.35
sigma_a braços (n=360): min=0.769 mean=0.997 frac<0.85=0.56% | c/ filler: mean=0.981
vazio areal: >0.7dx=6.37% >1.0dx=0.21% >1.5dx=0.00%
motor na biomassa: a_mar med=0.083 p95=3.00 | biomassa=0.4468 bracos=0.1827 | pinadas=43
clump(<0.5dx)=32.3% nn_mediana=0.622dx
Acelerações: Marangoni 9.39 | Drag 9.76 | Flagelo 3.00 | Pressão EOS máx 3.65e-02 med 1.67e-03 | Total 1.63
inserção t=29.6s: 15 partículas inseridas
wake inserção t=29.6s: 27 inseridas
rastro t=29.6s: 227 convertidas (25 lideres)
wake inserção t=30.8s: 28 inseridas
rastro t=30.8s: 155 convertidas (25 lideres)
--------------------------------------------------
Tempo: 32.46s | Iteração: 2000
Velocidade Máx: 0.1125 | Contraste CS: 32.5985
c_n: mean=0.9733 max=1.0000 | massa: 199.58
sigma_a braços (n=375): min=0.724 mean=0.996 frac<0.85=0.80% | c/ filler: mean=0.981
vazio areal: >0.7dx=6.42% >1.0dx=0.08% >1.5dx=0.00%
motor na biomassa: a_mar med=0.077 p95=3.19 | biomassa=0.4697 bracos=0.1742 | pinadas=44
clump(<0.5dx)=36.9% nn_mediana=0.600dx
Acelerações: Marangoni 9.53 | Drag 9.47 | Flagelo 2.97 | Pressão EOS máx 2.03e-02 med 1.60e-03 | Total 2.91
inserção t=32.5s: 9 partículas inseridas
wake inserção t=32.5s: 32 inseridas
rastro t=32.5s: 192 convertidas (25 lideres)
wake inserção t=34.1s: 40 inseridas
rastro t=34.1s: 179 convertidas (24 lideres)
--------------------------------------------------
Tempo: 35.61s | Iteração: 2200
Velocidade Máx: 0.2564 | Contraste CS: 30.8874
c_n: mean=0.9696 max=1.0000 | massa: 199.84
sigma_a braços (n=411): min=0.729 mean=0.997 frac<0.85=0.73% | c/ filler: mean=0.981
vazio areal: >0.7dx=6.93% >1.0dx=0.08% >1.5dx=0.00%
motor na biomassa: a_mar med=0.068 p95=2.13 | biomassa=0.4940 bracos=0.1685 | pinadas=44
clump(<0.5dx)=39.6% nn_mediana=0.581dx
Acelerações: Marangoni 10.08 | Drag 16.45 | Flagelo 2.96 | Pressão EOS máx 5.28e-02 med 1.68e-03 | Total 21.14
inserção t=35.6s: 6 partículas inseridas
wake inserção t=35.6s: 48 inseridas
rastro t=35.6s: 163 convertidas (24 lideres)
wake inserção t=36.9s: 43 inseridas
rastro t=36.9s: 125 convertidas (24 lideres)
--------------------------------------------------
Tempo: 38.62s | Iteração: 2400
Velocidade Máx: 0.1427 | Contraste CS: 28.9114
c_n: mean=0.9661 max=1.0000 | massa: 200.15
sigma_a braços (n=426): min=0.703 mean=0.995 frac<0.85=0.70% | c/ filler: mean=0.980
vazio areal: >0.7dx=7.07% >1.0dx=0.07% >1.5dx=0.00%
motor na biomassa: a_mar med=0.062 p95=1.97 | biomassa=0.5227 bracos=0.1588 | pinadas=44
clump(<0.5dx)=42.5% nn_mediana=0.557dx
Acelerações: Marangoni 9.31 | Drag 37.79 | Flagelo 3.00 | Pressão EOS máx 1.49e-01 med 1.73e-03 | Total 46.35
inserção t=38.6s: 6 partículas inseridas
wake inserção t=38.6s: 57 inseridas
rastro t=38.6s: 177 convertidas (24 lideres)
wake inserção t=39.8s: 68 inseridas
rastro t=39.8s: 110 convertidas (24 lideres)
--------------------------------------------------
Tempo: 41.26s | Iteração: 2600
Velocidade Máx: 0.1144 | Contraste CS: 28.1707
c_n: mean=0.9629 max=1.0000 | massa: 200.56
sigma_a braços (n=440): min=0.702 mean=0.998 frac<0.85=0.68% | c/ filler: mean=0.981
vazio areal: >0.7dx=7.01% >1.0dx=0.08% >1.5dx=0.00%
motor na biomassa: a_mar med=0.055 p95=1.50 | biomassa=0.5473 bracos=0.1453 | pinadas=44
clump(<0.5dx)=45.5% nn_mediana=0.534dx
Acelerações: Marangoni 9.91 | Drag 9.74 | Flagelo 2.99 | Pressão EOS máx 4.55e-02 med 1.85e-03 | Total 4.82
inserção t=41.3s: 4 partículas inseridas
wake inserção t=41.3s: 47 inseridas
rastro t=41.3s: 136 convertidas (24 lideres)
wake inserção t=42.7s: 58 inseridas
rastro t=42.7s: 119 convertidas (22 lideres)
--------------------------------------------------
Tempo: 44.60s | Iteração: 2800
Velocidade Máx: 0.1147 | Contraste CS: 26.5706
c_n: mean=0.9594 max=1.0000 | massa: 200.91
sigma_a braços (n=439): min=0.732 mean=0.998 frac<0.85=1.37% | c/ filler: mean=0.981
vazio areal: >0.7dx=7.44% >1.0dx=0.12% >1.5dx=0.00%
motor na biomassa: a_mar med=0.048 p95=1.26 | biomassa=0.5826 bracos=0.1297 | pinadas=44
clump(<0.5dx)=49.6% nn_mediana=0.505dx
Acelerações: Marangoni 9.06 | Drag 9.26 | Flagelo 3.00 | Pressão EOS máx 4.38e-02 med 1.98e-03 | Total 5.81
inserção t=44.6s: 27 partículas inseridas
wake inserção t=44.6s: 65 inseridas
rastro t=44.6s: 129 convertidas (21 lideres)
wake inserção t=46.0s: 84 inseridas
rastro t=46.0s: 106 convertidas (21 lideres)
--------------------------------------------------
Tempo: 47.10s | Iteração: 3000
Velocidade Máx: 0.1234 | Contraste CS: 25.9537
c_n: mean=0.9566 max=1.0000 | massa: 201.45
sigma_a braços (n=447): min=0.738 mean=0.999 frac<0.85=0.89% | c/ filler: mean=0.981
vazio areal: >0.7dx=7.02% >1.0dx=0.11% >1.5dx=0.00%
motor na biomassa: a_mar med=0.042 p95=1.15 | biomassa=0.5973 bracos=0.1266 | pinadas=44
clump(<0.5dx)=50.2% nn_mediana=0.498dx
Acelerações: Marangoni 10.28 | Drag 10.15 | Flagelo 2.97 | Pressão EOS máx 4.87e-02 med 2.18e-03 | Total 5.53
inserção t=47.1s: 4 partículas inseridas
wake inserção t=47.1s: 82 inseridas
rastro t=47.1s: 63 convertidas (21 lideres)
wake inserção t=47.5s: 50 inseridas
rastro t=47.5s: 17 convertidas (21 lideres)
--------------------------------------------------
Tempo: 48.19s | Iteração: 3200
Velocidade Máx: 0.1243 | Contraste CS: 25.7915
c_n: mean=0.9552 max=1.0000 | massa: 201.85
sigma_a braços (n=456): min=0.772 mean=0.998 frac<0.85=0.88% | c/ filler: mean=0.982
vazio areal: >0.7dx=7.36% >1.0dx=0.04% >1.5dx=0.00%
motor na biomassa: a_mar med=0.041 p95=1.13 | biomassa=0.6045 bracos=0.1288 | pinadas=44
clump(<0.5dx)=54.3% nn_mediana=0.469dx
Acelerações: Marangoni 9.22 | Drag 9.71 | Flagelo 2.99 | Pressão EOS máx 4.45e-02 med 2.20e-03 | Total 6.15
inserção t=48.2s: 1 partículas inseridas
wake inserção t=48.2s: 72 inseridas
rastro t=48.2s: 31 convertidas (21 lideres)
wake inserção t=48.9s: 61 inseridas
rastro t=48.9s: 37 convertidas (21 lideres)
--------------------------------------------------
Tempo: 49.28s | Iteração: 3400
Velocidade Máx: 0.0979 | Contraste CS: 25.5470
c_n: mean=0.9539 max=1.0000 | massa: 202.25
sigma_a braços (n=461): min=0.793 mean=0.998 frac<0.85=0.65% | c/ filler: mean=0.983
vazio areal: >0.7dx=7.54% >1.0dx=0.05% >1.5dx=0.00%
motor na biomassa: a_mar med=0.039 p95=1.20 | biomassa=0.6141 bracos=0.1352 | pinadas=44
clump(<0.5dx)=56.9% nn_mediana=0.443dx
Acelerações: Marangoni 7.88 | Drag 8.00 | Flagelo 2.99 | Pressão EOS máx 6.26e-02 med 2.12e-03 | Total 6.40
inserção t=49.3s: 6 partículas inseridas
wake inserção t=49.3s: 69 inseridas
rastro t=49.3s: 19 convertidas (21 lideres)
wake inserção t=49.7s: 72 inseridas
rastro t=49.7s: 22 convertidas (21 lideres)
Run took: 1912.22670 secs
